Archive member included to satisfy reference by file (symbol)

/home/peter/SJSU-Dev/tools/gcc-arm-none-eabi-6-2017-q2-update/bin/../lib/gcc/arm-none-eabi/6.3.1/../../../../arm-none-eabi/lib/thumb/v7-m/libstdc++_nano.a(class_type_info.o)
                              obj//home/peter/SJSU-Dev/firmware/lib/L2_Drivers/base/char_dev.o (vtable for __cxxabiv1::__class_type_info)
/home/peter/SJSU-Dev/tools/gcc-arm-none-eabi-6-2017-q2-update/bin/../lib/gcc/arm-none-eabi/6.3.1/../../../../arm-none-eabi/lib/thumb/v7-m/libstdc++_nano.a(si_class_type_info.o)
                              obj//home/peter/SJSU-Dev/firmware/lib/L2_Drivers/base/uart_dev.o (vtable for __cxxabiv1::__si_class_type_info)
/home/peter/SJSU-Dev/tools/gcc-arm-none-eabi-6-2017-q2-update/bin/../lib/gcc/arm-none-eabi/6.3.1/../../../../arm-none-eabi/lib/thumb/v7-m/libstdc++_nano.a(del_ops.o)
                              obj//home/peter/SJSU-Dev/firmware/lib/L2_Drivers/base/uart_dev.o (operator delete(void*, unsigned int))
/home/peter/SJSU-Dev/tools/gcc-arm-none-eabi-6-2017-q2-update/bin/../lib/gcc/arm-none-eabi/6.3.1/../../../../arm-none-eabi/lib/thumb/v7-m/libstdc++_nano.a(guard.o)
                              obj//home/peter/SJSU-Dev/firmware/lib/L5_HighLevel/source/high_level_init.o (__cxa_guard_acquire)
/home/peter/SJSU-Dev/tools/gcc-arm-none-eabi-6-2017-q2-update/bin/../lib/gcc/arm-none-eabi/6.3.1/../../../../arm-none-eabi/lib/thumb/v7-m/libstdc++_nano.a(pure.o)
                              obj//home/peter/SJSU-Dev/firmware/lib/L2_Drivers/base/char_dev.o (__cxa_pure_virtual)
/home/peter/SJSU-Dev/tools/gcc-arm-none-eabi-6-2017-q2-update/bin/../lib/gcc/arm-none-eabi/6.3.1/../../../../arm-none-eabi/lib/thumb/v7-m/libstdc++_nano.a(vmi_class_type_info.o)
                              obj//home/peter/SJSU-Dev/firmware/lib/L2_Drivers/src/nrf_stream.o (vtable for __cxxabiv1::__vmi_class_type_info)
/home/peter/SJSU-Dev/tools/gcc-arm-none-eabi-6-2017-q2-update/bin/../lib/gcc/arm-none-eabi/6.3.1/../../../../arm-none-eabi/lib/thumb/v7-m/libstdc++_nano.a(tinfo.o)
                              /home/peter/SJSU-Dev/tools/gcc-arm-none-eabi-6-2017-q2-update/bin/../lib/gcc/arm-none-eabi/6.3.1/../../../../arm-none-eabi/lib/thumb/v7-m/libstdc++_nano.a(class_type_info.o) (std::type_info::~type_info())
/home/peter/SJSU-Dev/tools/gcc-arm-none-eabi-6-2017-q2-update/bin/../lib/gcc/arm-none-eabi/6.3.1/../../../../arm-none-eabi/lib/thumb/v7-m/libstdc++_nano.a(eh_terminate.o)
                              /home/peter/SJSU-Dev/tools/gcc-arm-none-eabi-6-2017-q2-update/bin/../lib/gcc/arm-none-eabi/6.3.1/../../../../arm-none-eabi/lib/thumb/v7-m/libstdc++_nano.a(pure.o) (std::terminate())
/home/peter/SJSU-Dev/tools/gcc-arm-none-eabi-6-2017-q2-update/bin/../lib/gcc/arm-none-eabi/6.3.1/../../../../arm-none-eabi/lib/thumb/v7-m/libstdc++_nano.a(eh_term_handler.o)
                              /home/peter/SJSU-Dev/tools/gcc-arm-none-eabi-6-2017-q2-update/bin/../lib/gcc/arm-none-eabi/6.3.1/../../../../arm-none-eabi/lib/thumb/v7-m/libstdc++_nano.a(eh_terminate.o) (__cxxabiv1::__terminate_handler)
/home/peter/SJSU-Dev/tools/gcc-arm-none-eabi-6-2017-q2-update/bin/../lib/gcc/arm-none-eabi/6.3.1/../../../../arm-none-eabi/lib/thumb/v7-m/libstdc++_nano.a(eh_unex_handler.o)
                              /home/peter/SJSU-Dev/tools/gcc-arm-none-eabi-6-2017-q2-update/bin/../lib/gcc/arm-none-eabi/6.3.1/../../../../arm-none-eabi/lib/thumb/v7-m/libstdc++_nano.a(eh_terminate.o) (__cxxabiv1::__unexpected_handler)
/home/peter/SJSU-Dev/tools/gcc-arm-none-eabi-6-2017-q2-update/bin/../lib/gcc/arm-none-eabi/6.3.1/thumb/v7-m/libgcc.a(_ashldi3.o)
                              obj//home/peter/SJSU-Dev/firmware/lib/L0_LowLevel/source/lpc_peripherals.o (__aeabi_llsl)
/home/peter/SJSU-Dev/tools/gcc-arm-none-eabi-6-2017-q2-update/bin/../lib/gcc/arm-none-eabi/6.3.1/thumb/v7-m/libgcc.a(_arm_addsubdf3.o)
                              obj//home/peter/SJSU-Dev/firmware/lib/L0_LowLevel/source/uart0_min.o (__aeabi_dadd)
/home/peter/SJSU-Dev/tools/gcc-arm-none-eabi-6-2017-q2-update/bin/../lib/gcc/arm-none-eabi/6.3.1/thumb/v7-m/libgcc.a(_arm_muldivdf3.o)
                              obj//home/peter/SJSU-Dev/firmware/lib/peter_lib/adc_driver/adcDriver.o (__aeabi_dmul)
/home/peter/SJSU-Dev/tools/gcc-arm-none-eabi-6-2017-q2-update/bin/../lib/gcc/arm-none-eabi/6.3.1/thumb/v7-m/libgcc.a(_arm_fixunsdfsi.o)
                              obj//home/peter/SJSU-Dev/firmware/lib/L0_LowLevel/source/uart0_min.o (__aeabi_d2uiz)
/home/peter/SJSU-Dev/tools/gcc-arm-none-eabi-6-2017-q2-update/bin/../lib/gcc/arm-none-eabi/6.3.1/thumb/v7-m/libgcc.a(_arm_truncdfsf2.o)
                              obj//home/peter/SJSU-Dev/firmware/lib/peter_lib/adc_driver/adcDriver.o (__aeabi_d2f)
/home/peter/SJSU-Dev/tools/gcc-arm-none-eabi-6-2017-q2-update/bin/../lib/gcc/arm-none-eabi/6.3.1/thumb/v7-m/libgcc.a(_arm_addsubsf3.o)
                              obj//home/peter/SJSU-Dev/firmware/lib/L3_Utils/src/str.o (__aeabi_fsub)
[...]
Memory Configuration

Name             Origin             Length             Attributes
FLASH            0x0000000000010000 0x0000000000070000 xr
SRAM             0x0000000010000000 0x0000000000008000 xrw
SRAM_AHB         0x000000002007c000 0x0000000000008000 xrw
*default*        0x0000000000000000 0xffffffffffffffff

Linker script and memory map

LOAD bin/firmware.sym.o
LOAD obj//home/peter/SJSU-Dev/firmware/lib/L0_LowLevel/source/startup.o
LOAD obj//home/peter/SJSU-Dev/firmware/lib/L0_LowLevel/source/lpc_sys.o
LOAD obj//home/peter/SJSU-Dev/firmware/lib/L0_LowLevel/source/lpc_peripherals.o
LOAD obj//home/peter/SJSU-Dev/firmware/lib/L0_LowLevel/source/core_cm3.o
LOAD obj//home/peter/SJSU-Dev/firmware/lib/L0_LowLevel/source/sys_clock.o
LOAD obj//home/peter/SJSU-Dev/firmware/lib/L0_LowLevel/source/low_level_init.o
LOAD obj//home/peter/SJSU-Dev/firmware/lib/L0_LowLevel/source/uart0_min.o
LOAD obj//home/peter/SJSU-Dev/firmware/lib/L4_IO/fat/ff.o
LOAD obj//home/peter/SJSU-Dev/firmware/lib/L4_IO/fat/option/ccsbcs.o
LOAD obj//home/peter/SJSU-Dev/firmware/lib/L4_IO/fat/option/reentrant.o
LOAD obj//home/peter/SJSU-Dev/firmware/lib/L4_IO/fat/disk/spi_flash.o
LOAD obj//home/peter/SJSU-Dev/firmware/lib/L4_IO/fat/disk/sd.o
LOAD obj//home/peter/SJSU-Dev/firmware/lib/L4_IO/fat/disk/diskio.o
LOAD obj//home/peter/SJSU-Dev/firmware/lib/L4_IO/fat/fatfs_time.o
LOAD obj//home/peter/SJSU-Dev/firmware/lib/L4_IO/wireless/src/wireless.o
LOAD obj//home/peter/SJSU-Dev/firmware/lib/L4_IO/wireless/src/nrf24L01Plus.o
LOAD obj//home/peter/SJSU-Dev/firmware/lib/L4_IO/wireless/src/mesh.o
LOAD obj//home/peter/SJSU-Dev/firmware/lib/L4_IO/src/storage.o
LOAD obj//home/peter/SJSU-Dev/firmware/lib/L4_IO/src/io_source.o
LOAD obj//home/peter/SJSU-Dev/firmware/lib/L4_IO/src/gpio.o
LOAD obj//home/peter/SJSU-Dev/firmware/lib/peter_lib/gpio_driver/gpioDriver.o
LOAD obj//home/peter/SJSU-Dev/firmware/lib/peter_lib/uart_driver/uartDriver.o
LOAD obj//home/peter/SJSU-Dev/firmware/lib/peter_lib/free_rtos_producer_consumer/led_display_extension.o
LOAD obj//home/peter/SJSU-Dev/firmware/lib/peter_lib/watchdog_driver/watchdogDriver.o
LOAD obj//home/peter/SJSU-Dev/firmware/lib/peter_lib/i2c_driver/i2cDriver.o
LOAD obj//home/peter/SJSU-Dev/firmware/lib/peter_lib/adc_driver/adcDriver.o
LOAD obj//home/peter/SJSU-Dev/firmware/lib/peter_lib/spi_driver/spiDriver.o
LOAD obj//home/peter/SJSU-Dev/firmware/lib/peter_lib/pwm_driver/pwmDriver.o
LOAD obj//home/peter/SJSU-Dev/firmware/lib/L2_Drivers/base/i2c_base.o
LOAD obj//home/peter/SJSU-Dev/firmware/lib/L2_Drivers/base/uart_dev.o
LOAD obj//home/peter/SJSU-Dev/firmware/lib/L2_Drivers/base/char_dev.o
LOAD obj//home/peter/SJSU-Dev/firmware/lib/L2_Drivers/src/spi_sem.o
LOAD obj//home/peter/SJSU-Dev/firmware/lib/L2_Drivers/src/lpc_pwm.o
LOAD obj//home/peter/SJSU-Dev/firmware/lib/L2_Drivers/src/nrf_stream.o
LOAD obj//home/peter/SJSU-Dev/firmware/lib/L2_Drivers/src/lpc_rit.o
LOAD obj//home/peter/SJSU-Dev/firmware/lib/L2_Drivers/src/can.o
LOAD obj//home/peter/SJSU-Dev/firmware/lib/L2_Drivers/src/uart0.o
LOAD obj//home/peter/SJSU-Dev/firmware/lib/L2_Drivers/src/uart3.o
LOAD obj//home/peter/SJSU-Dev/firmware/lib/L2_Drivers/src/eint.o
LOAD obj//home/peter/SJSU-Dev/firmware/lib/L2_Drivers/src/lpc_timers.o
LOAD obj//home/peter/SJSU-Dev/firmware/lib/L2_Drivers/src/spi_dma.o
LOAD obj//home/peter/SJSU-Dev/firmware/lib/L2_Drivers/src/uart2.o
LOAD obj//home/peter/SJSU-Dev/firmware/lib/L2_Drivers/src/adc.o
LOAD obj//home/peter/SJSU-Dev/firmware/lib/L2_Drivers/src/rtc.o
LOAD obj//home/peter/SJSU-Dev/firmware/lib/L2_Drivers/src/i2c2.o
LOAD obj//home/peter/SJSU-Dev/firmware/lib/L3_Utils/tlm/src/c_tlm_comp.o
LOAD obj//home/peter/SJSU-Dev/firmware/lib/L3_Utils/tlm/src/c_tlm_var.o
LOAD obj//home/peter/SJSU-Dev/firmware/lib/L3_Utils/tlm/src/c_tlm_binary.o
LOAD obj//home/peter/SJSU-Dev/firmware/lib/L3_Utils/tlm/src/c_tlm_stream.o
LOAD obj//home/peter/SJSU-Dev/firmware/lib/L3_Utils/src/rtc_alarm.o
LOAD obj//home/peter/SJSU-Dev/firmware/lib/L3_Utils/src/file_logger.o
LOAD obj//home/peter/SJSU-Dev/firmware/lib/L3_Utils/src/str.o
LOAD obj//home/peter/SJSU-Dev/firmware/lib/L3_Utils/src/freertos_timer.o
LOAD obj//home/peter/SJSU-Dev/firmware/lib/L3_Utils/src/c_list.o
LOAD obj//home/peter/SJSU-Dev/firmware/lib/L3_Utils/src/scheduler_task.o
LOAD obj//home/peter/SJSU-Dev/firmware/lib/L3_Utils/src/printf_lib.o
LOAD obj//home/peter/SJSU-Dev/firmware/lib/L3_Utils/src/command_handler.o
LOAD obj//home/peter/SJSU-Dev/firmware/lib/L3_Utils/src/utilities.o
LOAD obj//home/peter/SJSU-Dev/firmware/lib/L1_FreeRTOS/MemMang/freertos_mem_man.o
LOAD obj//home/peter/SJSU-Dev/firmware/lib/L1_FreeRTOS/trace/trcKernelPort.o
LOAD obj//home/peter/SJSU-Dev/firmware/lib/L1_FreeRTOS/trace/trcBase.o
LOAD obj//home/peter/SJSU-Dev/firmware/lib/L1_FreeRTOS/trace/trcUser.o
LOAD obj//home/peter/SJSU-Dev/firmware/lib/L1_FreeRTOS/trace/run_time_counter.o
LOAD obj//home/peter/SJSU-Dev/firmware/lib/L1_FreeRTOS/trace/trcHardwarePort.o
LOAD obj//home/peter/SJSU-Dev/firmware/lib/L1_FreeRTOS/trace/trcKernel.o
LOAD obj//home/peter/SJSU-Dev/firmware/lib/L1_FreeRTOS/src/list.o
LOAD obj//home/peter/SJSU-Dev/firmware/lib/L1_FreeRTOS/src/queue.o
LOAD obj//home/peter/SJSU-Dev/firmware/lib/L1_FreeRTOS/src/tasks.o
LOAD obj//home/peter/SJSU-Dev/firmware/lib/L1_FreeRTOS/src/event_groups.o
LOAD obj//home/peter/SJSU-Dev/firmware/lib/L1_FreeRTOS/src/croutine.o
LOAD obj//home/peter/SJSU-Dev/firmware/lib/L1_FreeRTOS/src/timers.o
LOAD obj//home/peter/SJSU-Dev/firmware/lib/L1_FreeRTOS/portable/no_mpu/port.o
LOAD obj//home/peter/SJSU-Dev/firmware/lib/L1_FreeRTOS/portable/run_time_stats.o
LOAD obj//home/peter/SJSU-Dev/firmware/lib/L1_FreeRTOS/hooks/hooks.o
LOAD obj//home/peter/SJSU-Dev/firmware/lib/L5_HighLevel/examples/examples.o
LOAD obj//home/peter/SJSU-Dev/firmware/lib/L5_HighLevel/examples/rn_xv_task.o
LOAD obj//home/peter/SJSU-Dev/firmware/lib/L5_HighLevel/source/terminal.o
LOAD obj//home/peter/SJSU-Dev/firmware/lib/L5_HighLevel/source/high_level_init.o
LOAD obj//home/peter/SJSU-Dev/firmware/lib/L5_HighLevel/source/cmd_handlers/prog_handlers.o
LOAD obj//home/peter/SJSU-Dev/firmware/lib/L5_HighLevel/source/cmd_handlers/wireless_handlers.o
LOAD obj//home/peter/SJSU-Dev/firmware/lib/L5_HighLevel/source/cmd_handlers/handlers.o
LOAD obj//home/peter/SJSU-Dev/firmware/lib/L5_HighLevel/source/remote.o
LOAD obj//home/peter/SJSU-Dev/firmware/lib/L5_HighLevel/periodic_scheduler/prd_dispatcher.o
LOAD obj//home/peter/SJSU-Dev/firmware/lib/newlib/newlib_time.o
LOAD obj//home/peter/SJSU-Dev/firmware/lib/newlib/malloc_lock.o
LOAD obj//home/peter/SJSU-Dev/firmware/lib/newlib/newlib_syscalls.o
LOAD obj//home/peter/SJSU-Dev/firmware/lib/newlib/memory.o
LOAD obj/L5_Application/main.o
LOAD obj/L5_Application/sine_test.o
LOAD obj/L5_Application/LabGPIOInterrupts.o
LOAD /home/peter/SJSU-Dev/tools/gcc-arm-none-eabi-6-2017-q2-update/bin/../lib/gcc/arm-none-eabi/6.3.1/../../../../arm-none-eabi/lib/thumb/v7-m/libstdc++_nano.a
LOAD /home/peter/SJSU-Dev/tools/gcc-arm-none-eabi-6-2017-q2-update/bin/../lib/gcc/arm-none-eabi/6.3.1/../../../../arm-none-eabi/lib/thumb/v7-m/libm.a
START GROUP
LOAD /home/peter/SJSU-Dev/tools/gcc-arm-none-eabi-6-2017-q2-update/bin/../lib/gcc/arm-none-eabi/6.3.1/thumb/v7-m/libgcc.a
LOAD /home/peter/SJSU-Dev/tools/gcc-arm-none-eabi-6-2017-q2-update/bin/../lib/gcc/arm-none-eabi/6.3.1/../../../../arm-none-eabi/lib/thumb/v7-m/libc_nano.a
END GROUP
START GROUP
LOAD /home/peter/SJSU-Dev/tools/gcc-arm-none-eabi-6-2017-q2-update/bin/../lib/gcc/arm-none-eabi/6.3.1/thumb/v7-m/libgcc.a
LOAD /home/peter/SJSU-Dev/tools/gcc-arm-none-eabi-6-2017-q2-update/bin/../lib/gcc/arm-none-eabi/6.3.1/../../../../arm-none-eabi/lib/thumb/v7-m/libc_nano.a
END GROUP

.text           0x0000000000010000    0x14ea0
 FILL mask 0xff
 *(.isr_vector)
 .isr_vector    0x0000000000010000       0xcc obj//home/peter/SJSU-Dev/firmware/lib/L0_LowLevel/source/startup.o
                0x0000000000010000                g_pfnVectors
                0x00000000000100cc                . = ALIGN (0x4)
                0x00000000000100cc                __section_table_start = .
                0x00000000000100cc                __data_section_table = .
                0x00000000000100cc        0x4 LONG 0x24ea8 LOADADDR (.data)
                0x00000000000100d0        0x4 LONG 0x2007c000 ADDR (.data)
                0x00000000000100d4        0x4 LONG 0x300 SIZEOF (.data)
                0x00000000000100d8                __data_section_table_end = .
                0x00000000000100d8                __bss_section_table = .
                0x00000000000100d8        0x4 LONG 0x2007c300 ADDR (.bss)
                0x00000000000100dc        0x4 LONG 0xd6c SIZEOF (.bss)
                0x00000000000100e0                __bss_section_table_end = .
                0x00000000000100e0                __section_table_end = .
 *(.after_vectors*)
 .after_vectors
                0x00000000000100e0      0x120 obj//home/peter/SJSU-Dev/firmware/lib/L0_LowLevel/source/startup.o
                0x00000000000100e0                isr_hard_fault
                0x00000000000100fa                isr_nmi
                0x0000000000010108                isr_mem_fault
                0x0000000000010118                isr_bus_fault
                0x0000000000010128                isr_usage_fault
                0x0000000000010138                isr_debug_mon
                0x0000000000010148                TIMER2_IRQHandler
                0x0000000000010148                I2C0_IRQHandler
                0x0000000000010148                PWM1_IRQHandler
                0x0000000000010148                I2C1_IRQHandler
                0x0000000000010148                EINT2_IRQHandler
                0x0000000000010148                UART1_IRQHandler
                0x0000000000010148                TIMER3_IRQHandler
                0x0000000000010148                PLL0_IRQHandler
                0x0000000000010148                PLL1_IRQHandler
                0x0000000000010148                SSP0_IRQHandler
                0x0000000000010148                CANAct_IRQHandler
                0x0000000000010148                I2S_IRQHandler
                0x0000000000010148                TIMER0_IRQHandler
                0x0000000000010148                SPI_IRQHandler
                0x0000000000010148                EINT1_IRQHandler
                0x0000000000010148                isr_default_handler
                0x0000000000010148                SSP1_IRQHandler
                0x0000000000010148                USB_IRQHandler
                0x0000000000010148                BOD_IRQHandler
                0x0000000000010148                WDT_IRQHandler
                0x0000000000010148                QEI_IRQHandler
                0x0000000000010148                EINT0_IRQHandler
                0x0000000000010148                DMA_IRQHandler
                0x0000000000010148                MCPWM_IRQHandler
                0x0000000000010148                ENET_IRQHandler
                0x0000000000010148                USBAct_IRQHandler
                0x0000000000010158                isr_sys_tick
                0x000000000001016a                data_init(unsigned int, unsigned int, unsigned int)
                0x0000000000010180                bss_init(unsigned int, unsigned int)
                0x0000000000010194                isr_reset
 *(.text*)
 .text.isr_forwarder_routine
                0x0000000000010200       0x3c obj//home/peter/SJSU-Dev/firmware/lib/L0_LowLevel/source/startup.o
 .text.isr_register
                0x000000000001023c       0x10 obj//home/peter/SJSU-Dev/firmware/lib/L0_LowLevel/source/startup.o
                0x000000000001023c                isr_register
 .text.isr_hard_fault_handler
                0x000000000001024c       0x58 obj//home/peter/SJSU-Dev/firmware/lib/L0_LowLevel/source/startup.o
                0x000000000001024c                isr_hard_fault_handler
 .text.lpc_sys_setup_system_timer
                0x00000000000102a4       0x54 obj//home/peter/SJSU-Dev/firmware/lib/L0_LowLevel/source/lpc_sys.o
                0x00000000000102a4                lpc_sys_setup_system_timer
 .text.sys_get_uptime_us
                0x00000000000102f8       0x2c obj//home/peter/SJSU-Dev/firmware/lib/L0_LowLevel/source/lpc_sys.o
                0x00000000000102f8                sys_get_uptime_us
 .text.sys_get_mem_info_str
                0x0000000000010324       0x38 obj//home/peter/SJSU-Dev/firmware/lib/L0_LowLevel/source/lpc_sys.o
                0x0000000000010324                sys_get_mem_info_str
 .text._ZN17SingletonTemplateI9IR_SensorE11getInstanceEv
                0x000000000001035c       0x18 obj//home/peter/SJSU-Dev/firmware/lib/L0_LowLevel/source/lpc_sys.o
                0x000000000001035c                SingletonTemplate<IR_Sensor>::getInstance()
 .text.TIMER1_IRQHandler
                0x0000000000010374       0xbc obj//home/peter/SJSU-Dev/firmware/lib/L0_LowLevel/source/lpc_sys.o
                0x0000000000010374                TIMER1_IRQHandler
 .text.lpc_pconp
                0x0000000000010430       0x34 obj//home/peter/SJSU-Dev/firmware/lib/L0_LowLevel/source/lpc_peripherals.o
                0x0000000000010430                lpc_pconp
 .text.lpc_pclk
                0x0000000000010464       0x48 obj//home/peter/SJSU-Dev/firmware/lib/L0_LowLevel/source/lpc_peripherals.o
                0x0000000000010464                lpc_pclk
 .text.__set_PSP
                0x00000000000104ac        0x6 obj//home/peter/SJSU-Dev/firmware/lib/L0_LowLevel/source/core_cm3.o
                0x00000000000104ac                __set_PSP
 .text.__set_MSP
                0x00000000000104b2        0x6 obj//home/peter/SJSU-Dev/firmware/lib/L0_LowLevel/source/core_cm3.o
                0x00000000000104b2                __set_MSP
 .text.__set_BASEPRI
                0x00000000000104b8        0x6 obj//home/peter/SJSU-Dev/firmware/lib/L0_LowLevel/source/core_cm3.o
                0x00000000000104b8                __set_BASEPRI
 *fill*         0x00000000000104be        0x2 ff
 .text._ZL19sys_clock_pll0_feedv
                0x00000000000104c0       0x14 obj//home/peter/SJSU-Dev/firmware/lib/L0_LowLevel/source/sys_clock.o
 .text._ZL23sys_clock_configure_plljjPiS_S_.constprop.0
                0x00000000000104d4       0x78 obj//home/peter/SJSU-Dev/firmware/lib/L0_LowLevel/source/sys_clock.o
 .text._Z19sys_clock_configurev
                0x000000000001054c       0xb4 obj//home/peter/SJSU-Dev/firmware/lib/L0_LowLevel/source/sys_clock.o
                0x000000000001054c                sys_clock_configure()
 .text.sys_get_cpu_clock
                0x0000000000010600       0xa8 obj//home/peter/SJSU-Dev/firmware/lib/L0_LowLevel/source/sys_clock.o
                0x0000000000010600                sys_get_cpu_clock
 .text.sys_get_boot_type
                0x00000000000106a8        0xc obj//home/peter/SJSU-Dev/firmware/lib/L0_LowLevel/source/low_level_init.o
                0x00000000000106a8                sys_get_boot_type
 .text._Z14low_level_initv
                0x00000000000106b4      0x228 obj//home/peter/SJSU-Dev/firmware/lib/L0_LowLevel/source/low_level_init.o
                0x00000000000106b4                low_level_init()
 .text.uart0_init
                0x00000000000108dc       0x60 obj//home/peter/SJSU-Dev/firmware/lib/L0_LowLevel/source/uart0_min.o
                0x00000000000108dc                uart0_init
 .text.uart0_getchar
                0x000000000001093c       0x18 obj//home/peter/SJSU-Dev/firmware/lib/L0_LowLevel/source/uart0_min.o
                0x000000000001093c                uart0_getchar
 .text.uart0_putchar
                0x0000000000010954       0x18 obj//home/peter/SJSU-Dev/firmware/lib/L0_LowLevel/source/uart0_min.o
                0x0000000000010954                uart0_putchar
 .text.uart0_puts
                0x000000000001096c       0x1a obj//home/peter/SJSU-Dev/firmware/lib/L0_LowLevel/source/uart0_min.o
                0x000000000001096c                uart0_puts
 .text.mem_cpy  0x0000000000010986       0x38 obj//home/peter/SJSU-Dev/firmware/lib/L4_IO/fat/ff.o
 .text.mem_set  0x00000000000109be        0xe obj//home/peter/SJSU-Dev/firmware/lib/L4_IO/fat/ff.o
 .text.sum_sfn  0x00000000000109cc       0x1e obj//home/peter/SJSU-Dev/firmware/lib/L4_IO/fat/ff.o
 .text.get_ldnumber
                0x00000000000109ea       0x3a obj//home/peter/SJSU-Dev/firmware/lib/L4_IO/fat/ff.o
 .text.get_fileinfo
                0x0000000000010a24       0xc4 obj//home/peter/SJSU-Dev/firmware/lib/L4_IO/fat/ff.o
 .text.sync_window.part.1
                0x0000000000010ae8       0x46 obj//home/peter/SJSU-Dev/firmware/lib/L4_IO/fat/ff.o
 .text.sync_window
                0x0000000000010b2e        0xc obj//home/peter/SJSU-Dev/firmware/lib/L4_IO/fat/ff.o
 *fill*         0x0000000000010b3a        0x2 ff
 .text.sync_fs  0x0000000000010b3c       0x74 obj//home/peter/SJSU-Dev/firmware/lib/L4_IO/fat/ff.o
 .text.move_window
                0x0000000000010bb0       0x34 obj//home/peter/SJSU-Dev/firmware/lib/L4_IO/fat/ff.o
 .text.check_fs
                0x0000000000010be4       0x4c obj//home/peter/SJSU-Dev/firmware/lib/L4_IO/fat/ff.o
 .text.find_volume
                0x0000000000010c30      0x21c obj//home/peter/SJSU-Dev/firmware/lib/L4_IO/fat/ff.o
 .text.validate
                0x0000000000010e4c       0x3a obj//home/peter/SJSU-Dev/firmware/lib/L4_IO/fat/ff.o
 .text.unlock_fs
                0x0000000000010e86       0x1a obj//home/peter/SJSU-Dev/firmware/lib/L4_IO/fat/ff.o
 .text.clust2sect
                0x0000000000010ea0       0x16 obj//home/peter/SJSU-Dev/firmware/lib/L4_IO/fat/ff.o
                0x0000000000010ea0                clust2sect
 .text.get_fat  0x0000000000010eb6       0xa6 obj//home/peter/SJSU-Dev/firmware/lib/L4_IO/fat/ff.o
                0x0000000000010eb6                get_fat
 .text.dir_sdi  0x0000000000010f5c       0x80 obj//home/peter/SJSU-Dev/firmware/lib/L4_IO/fat/ff.o
 .text.put_fat  0x0000000000010fdc       0xd2 obj//home/peter/SJSU-Dev/firmware/lib/L4_IO/fat/ff.o
                0x0000000000010fdc                put_fat
 .text.create_chain
                0x00000000000110ae       0xa0 obj//home/peter/SJSU-Dev/firmware/lib/L4_IO/fat/ff.o
 .text.dir_next
                0x000000000001114e       0xec obj//home/peter/SJSU-Dev/firmware/lib/L4_IO/fat/ff.o
 *fill*         0x000000000001123a        0x2 ff
 .text.dir_find.part.9
                0x000000000001123c      0x120 obj//home/peter/SJSU-Dev/firmware/lib/L4_IO/fat/ff.o
 .text.follow_path
                0x000000000001135c      0x270 obj//home/peter/SJSU-Dev/firmware/lib/L4_IO/fat/ff.o
 .text.dir_register
                0x00000000000115cc      0x238 obj//home/peter/SJSU-Dev/firmware/lib/L4_IO/fat/ff.o
 .text.dir_read.constprop.11
                0x0000000000011804       0xe8 obj//home/peter/SJSU-Dev/firmware/lib/L4_IO/fat/ff.o
 .text.remove_chain
                0x00000000000118ec       0x58 obj//home/peter/SJSU-Dev/firmware/lib/L4_IO/fat/ff.o
 .text.f_mount  0x0000000000011944       0x7c obj//home/peter/SJSU-Dev/firmware/lib/L4_IO/fat/ff.o
                0x0000000000011944                f_mount
 .text.f_open   0x00000000000119c0      0x12e obj//home/peter/SJSU-Dev/firmware/lib/L4_IO/fat/ff.o
                0x00000000000119c0                f_open
 .text.f_read   0x0000000000011aee      0x170 obj//home/peter/SJSU-Dev/firmware/lib/L4_IO/fat/ff.o
                0x0000000000011aee                f_read
 .text.f_write  0x0000000000011c5e      0x1ac obj//home/peter/SJSU-Dev/firmware/lib/L4_IO/fat/ff.o
                0x0000000000011c5e                f_write
 .text.f_sync   0x0000000000011e0a       0x8a obj//home/peter/SJSU-Dev/firmware/lib/L4_IO/fat/ff.o
                0x0000000000011e0a                f_sync
 .text.f_close  0x0000000000011e94       0x24 obj//home/peter/SJSU-Dev/firmware/lib/L4_IO/fat/ff.o
                0x0000000000011e94                f_close
 .text.f_lseek  0x0000000000011eb8      0x14e obj//home/peter/SJSU-Dev/firmware/lib/L4_IO/fat/ff.o
                0x0000000000011eb8                f_lseek
 .text.f_opendir
                0x0000000000012006       0x86 obj//home/peter/SJSU-Dev/firmware/lib/L4_IO/fat/ff.o
                0x0000000000012006                f_opendir
 .text.f_closedir
                0x000000000001208c       0x1a obj//home/peter/SJSU-Dev/firmware/lib/L4_IO/fat/ff.o
                0x000000000001208c                f_closedir
 .text.f_readdir
                0x00000000000120a6       0x5e obj//home/peter/SJSU-Dev/firmware/lib/L4_IO/fat/ff.o
                0x00000000000120a6                f_readdir
 .text.f_getfree
                0x0000000000012104       0xc8 obj//home/peter/SJSU-Dev/firmware/lib/L4_IO/fat/ff.o
                0x0000000000012104                f_getfree
 .text.f_mkfs   0x00000000000121cc      0x4f4 obj//home/peter/SJSU-Dev/firmware/lib/L4_IO/fat/ff.o
                0x00000000000121cc                f_mkfs
 .text.ff_convert
                0x00000000000126c0       0x3c obj//home/peter/SJSU-Dev/firmware/lib/L4_IO/fat/option/ccsbcs.o
                0x00000000000126c0                ff_convert
 .text.ff_wtoupper
                0x00000000000126fc       0x24 obj//home/peter/SJSU-Dev/firmware/lib/L4_IO/fat/option/ccsbcs.o
                0x00000000000126fc                ff_wtoupper
 .text.ff_cre_syncobj
                0x0000000000012720       0x14 obj//home/peter/SJSU-Dev/firmware/lib/L4_IO/fat/option/reentrant.o
                0x0000000000012720                ff_cre_syncobj
 .text.ff_del_syncobj
                0x0000000000012734        0x4 obj//home/peter/SJSU-Dev/firmware/lib/L4_IO/fat/option/reentrant.o
                0x0000000000012734                ff_del_syncobj
 .text.ff_req_grant
                0x0000000000012738       0x26 obj//home/peter/SJSU-Dev/firmware/lib/L4_IO/fat/option/reentrant.o
                0x0000000000012738                ff_req_grant
 .text.ff_rel_grant
                0x000000000001275e       0x1e obj//home/peter/SJSU-Dev/firmware/lib/L4_IO/fat/option/reentrant.o
                0x000000000001275e                ff_rel_grant
 .text._ZL24flash_get_mem_size_bytesv
                0x000000000001277c       0x20 obj//home/peter/SJSU-Dev/firmware/lib/L4_IO/fat/disk/spi_flash.o
 .text._ZL37flash_perform_page_io_of_fatfs_sectorPFvPhmmES_m
                0x000000000001279c       0x74 obj//home/peter/SJSU-Dev/firmware/lib/L4_IO/fat/disk/spi_flash.o
 .text.ssp1_exchange_data
                0x0000000000012810       0xac obj//home/peter/SJSU-Dev/firmware/lib/L4_IO/fat/disk/spi_flash.o
 .text._ZL18flash_send_op_addr14flash_opcode_tm
                0x00000000000128bc       0x26 obj//home/peter/SJSU-Dev/firmware/lib/L4_IO/fat/disk/spi_flash.o
 *fill*         0x00000000000128e2        0x2 ff
 .text._ZL15flash_read_pagePhmm
                0x00000000000128e4       0x44 obj//home/peter/SJSU-Dev/firmware/lib/L4_IO/fat/disk/spi_flash.o
 .text._ZL20flash_wait_for_readyv
                0x0000000000012928       0x40 obj//home/peter/SJSU-Dev/firmware/lib/L4_IO/fat/disk/spi_flash.o
 .text.flash_initialize
                0x0000000000012968       0x98 obj//home/peter/SJSU-Dev/firmware/lib/L4_IO/fat/disk/spi_flash.o
                0x0000000000012968                flash_initialize
 .text.flash_read_sectors
                0x0000000000012a00       0x50 obj//home/peter/SJSU-Dev/firmware/lib/L4_IO/fat/disk/spi_flash.o
                0x0000000000012a00                flash_read_sectors
 .text.flash_write_sectors
                0x0000000000012a50       0x4c obj//home/peter/SJSU-Dev/firmware/lib/L4_IO/fat/disk/spi_flash.o
                0x0000000000012a50                flash_write_sectors
 .text.flash_ioctl
                0x0000000000012a9c       0x36 obj//home/peter/SJSU-Dev/firmware/lib/L4_IO/fat/disk/spi_flash.o
                0x0000000000012a9c                flash_ioctl
 *fill*         0x0000000000012ad2        0x2 ff
 .text.flash_write_permanent_id
                0x0000000000012ad4       0x44 obj//home/peter/SJSU-Dev/firmware/lib/L4_IO/fat/disk/spi_flash.o
                0x0000000000012ad4                flash_write_permanent_id
 .text.flash_read_permanent_id
                0x0000000000012b18       0x28 obj//home/peter/SJSU-Dev/firmware/lib/L4_IO/fat/disk/spi_flash.o
                0x0000000000012b18                flash_read_permanent_id
 .text.flash_get_page_count
                0x0000000000012b40       0x20 obj//home/peter/SJSU-Dev/firmware/lib/L4_IO/fat/disk/spi_flash.o
                0x0000000000012b40                flash_get_page_count
 .text.flash_get_page_size
                0x0000000000012b60        0xc obj//home/peter/SJSU-Dev/firmware/lib/L4_IO/fat/disk/spi_flash.o
                0x0000000000012b60                flash_get_page_size
 .text.flash_supports_metadata
                0x0000000000012b6c       0x10 obj//home/peter/SJSU-Dev/firmware/lib/L4_IO/fat/disk/spi_flash.o
                0x0000000000012b6c                flash_supports_metadata
 .text._ZL16flash_write_pagePhmm
                0x0000000000012b7c       0x8c obj//home/peter/SJSU-Dev/firmware/lib/L4_IO/fat/disk/spi_flash.o
 .text.flash_chip_erase
                0x0000000000012c08       0x2c obj//home/peter/SJSU-Dev/firmware/lib/L4_IO/fat/disk/spi_flash.o
                0x0000000000012c08                flash_chip_erase
 .text.sys_get_uptime_ms
                0x0000000000012c34       0x12 obj//home/peter/SJSU-Dev/firmware/lib/L4_IO/fat/disk/sd.o
 *fill*         0x0000000000012c46        0x2 ff
 .text.ssp1_set_max_clock
                0x0000000000012c48       0x30 obj//home/peter/SJSU-Dev/firmware/lib/L4_IO/fat/disk/sd.o
 .text.ssp1_exchange_byte
                0x0000000000012c78       0x14 obj//home/peter/SJSU-Dev/firmware/lib/L4_IO/fat/disk/sd.o
 .text.wait_ready
                0x0000000000012c8c       0x2e obj//home/peter/SJSU-Dev/firmware/lib/L4_IO/fat/disk/sd.o
                0x0000000000012c8c                wait_ready
 *fill*         0x0000000000012cba        0x2 ff
 .text.power_off
                0x0000000000012cbc       0x24 obj//home/peter/SJSU-Dev/firmware/lib/L4_IO/fat/disk/sd.o
                0x0000000000012cbc                power_off
 .text.rcvr_datablock
                0x0000000000012ce0       0x8c obj//home/peter/SJSU-Dev/firmware/lib/L4_IO/fat/disk/sd.o
                0x0000000000012ce0                rcvr_datablock
 .text.xmit_datablock
                0x0000000000012d6c       0x4c obj//home/peter/SJSU-Dev/firmware/lib/L4_IO/fat/disk/sd.o
                0x0000000000012d6c                xmit_datablock
 .text.send_cmd
                0x0000000000012db8       0x8c obj//home/peter/SJSU-Dev/firmware/lib/L4_IO/fat/disk/sd.o
                0x0000000000012db8                send_cmd
 .text.sd_update_card_status
                0x0000000000012e44       0x24 obj//home/peter/SJSU-Dev/firmware/lib/L4_IO/fat/disk/sd.o
                0x0000000000012e44                sd_update_card_status
 .text.sd_initialize
                0x0000000000012e68      0x16c obj//home/peter/SJSU-Dev/firmware/lib/L4_IO/fat/disk/sd.o
                0x0000000000012e68                sd_initialize
 .text.sd_status
                0x0000000000012fd4       0x10 obj//home/peter/SJSU-Dev/firmware/lib/L4_IO/fat/disk/sd.o
                0x0000000000012fd4                sd_status
 .text.sd_read  0x0000000000012fe4       0x98 obj//home/peter/SJSU-Dev/firmware/lib/L4_IO/fat/disk/sd.o
                0x0000000000012fe4                sd_read
 .text.sd_write
                0x000000000001307c       0xb4 obj//home/peter/SJSU-Dev/firmware/lib/L4_IO/fat/disk/sd.o
                0x000000000001307c                sd_write
 .text.sd_ioctl
                0x0000000000013130      0x21c obj//home/peter/SJSU-Dev/firmware/lib/L4_IO/fat/disk/sd.o
                0x0000000000013130                sd_ioctl
 .text.disk_initialize
                0x000000000001334c       0x26 obj//home/peter/SJSU-Dev/firmware/lib/L4_IO/fat/disk/diskio.o
                0x000000000001334c                disk_initialize
 .text.disk_status
                0x0000000000013372       0x10 obj//home/peter/SJSU-Dev/firmware/lib/L4_IO/fat/disk/diskio.o
                0x0000000000013372                disk_status
 .text.disk_read
                0x0000000000013382       0x38 obj//home/peter/SJSU-Dev/firmware/lib/L4_IO/fat/disk/diskio.o
                0x0000000000013382                disk_read
 .text.disk_write
                0x00000000000133ba       0x38 obj//home/peter/SJSU-Dev/firmware/lib/L4_IO/fat/disk/diskio.o
                0x00000000000133ba                disk_write
 .text.disk_ioctl
                0x00000000000133f2       0x32 obj//home/peter/SJSU-Dev/firmware/lib/L4_IO/fat/disk/diskio.o
                0x00000000000133f2                disk_ioctl
 .text.get_fattime
                0x0000000000013424       0x52 obj//home/peter/SJSU-Dev/firmware/lib/L4_IO/fat/fatfs_time.o
                0x0000000000013424                get_fattime
 *fill*         0x0000000000013476        0x2 ff
 .text.nrf_driver_init
                0x0000000000013478       0x70 obj//home/peter/SJSU-Dev/firmware/lib/L4_IO/wireless/src/wireless.o
 .text.nrf_driver_app_recv
                0x00000000000134e8       0x50 obj//home/peter/SJSU-Dev/firmware/lib/L4_IO/wireless/src/wireless.o
 .text.nrf_driver_send
                0x0000000000013538       0x58 obj//home/peter/SJSU-Dev/firmware/lib/L4_IO/wireless/src/wireless.o
 .text.nrf_irq_callback
                0x0000000000013590       0x34 obj//home/peter/SJSU-Dev/firmware/lib/L4_IO/wireless/src/wireless.o
 .text.nrf_driver_receive
                0x00000000000135c4       0x22 obj//home/peter/SJSU-Dev/firmware/lib/L4_IO/wireless/src/wireless.o
 .text.nrf_driver_get_timer
                0x00000000000135e6       0x28 obj//home/peter/SJSU-Dev/firmware/lib/L4_IO/wireless/src/wireless.o
 *fill*         0x000000000001360e        0x2 ff
 .text.wireless_init
                0x0000000000013610       0x4c obj//home/peter/SJSU-Dev/firmware/lib/L4_IO/wireless/src/wireless.o
                0x0000000000013610                wireless_init
 .text.wireless_service
                0x000000000001365c       0x4c obj//home/peter/SJSU-Dev/firmware/lib/L4_IO/wireless/src/wireless.o
                0x000000000001365c                wireless_service
 .text.nordic_transfer
                0x00000000000136a8       0xe8 obj//home/peter/SJSU-Dev/firmware/lib/L4_IO/wireless/src/nrf24L01Plus.o
 .text.nordic_readRegister
                0x0000000000013790       0x20 obj//home/peter/SJSU-Dev/firmware/lib/L4_IO/wireless/src/nrf24L01Plus.o
 .text.nordic_writeRegister
                0x00000000000137b0       0x1e obj//home/peter/SJSU-Dev/firmware/lib/L4_IO/wireless/src/nrf24L01Plus.o
 .text.nordic_is_tx_fifo_empty
                0x00000000000137ce        0xe obj//home/peter/SJSU-Dev/firmware/lib/L4_IO/wireless/src/nrf24L01Plus.o
                0x00000000000137ce                nordic_is_tx_fifo_empty
 .text.nordic_clear_all_intr_flags
                0x00000000000137dc        0x8 obj//home/peter/SJSU-Dev/firmware/lib/L4_IO/wireless/src/nrf24L01Plus.o
                0x00000000000137dc                nordic_clear_all_intr_flags
 .text.nordic_queue_tx_fifo
                0x00000000000137e4        0xc obj//home/peter/SJSU-Dev/firmware/lib/L4_IO/wireless/src/nrf24L01Plus.o
                0x00000000000137e4                nordic_queue_tx_fifo
 .text.nordic_standby1_to_tx_mode1
                0x00000000000137f0       0x16 obj//home/peter/SJSU-Dev/firmware/lib/L4_IO/wireless/src/nrf24L01Plus.o
                0x00000000000137f0                nordic_standby1_to_tx_mode1
 *fill*         0x0000000000013806        0x2 ff
 .text.nordic_rx_to_Stanby1
                0x0000000000013808       0x10 obj//home/peter/SJSU-Dev/firmware/lib/L4_IO/wireless/src/nrf24L01Plus.o
                0x0000000000013808                nordic_rx_to_Stanby1
 .text.nordic_standby1_to_rx
                0x0000000000013818       0x24 obj//home/peter/SJSU-Dev/firmware/lib/L4_IO/wireless/src/nrf24L01Plus.o
                0x0000000000013818                nordic_standby1_to_rx
 .text.nordic_clear_packet_sent_flag
                0x000000000001383c        0x8 obj//home/peter/SJSU-Dev/firmware/lib/L4_IO/wireless/src/nrf24L01Plus.o
                0x000000000001383c                nordic_clear_packet_sent_flag
 .text.nordic_flush_tx_fifo
                0x0000000000013844        0xc obj//home/peter/SJSU-Dev/firmware/lib/L4_IO/wireless/src/nrf24L01Plus.o
                0x0000000000013844                nordic_flush_tx_fifo
 .text.nordic_mode1_send_single_packet
                0x0000000000013850       0x4c obj//home/peter/SJSU-Dev/firmware/lib/L4_IO/wireless/src/nrf24L01Plus.o
                0x0000000000013850                nordic_mode1_send_single_packet
 .text.nordic_is_packet_available
                0x000000000001389c       0x10 obj//home/peter/SJSU-Dev/firmware/lib/L4_IO/wireless/src/nrf24L01Plus.o
                0x000000000001389c                nordic_is_packet_available
 .text.nordic_clear_packet_available_flag
                0x00000000000138ac        0x8 obj//home/peter/SJSU-Dev/firmware/lib/L4_IO/wireless/src/nrf24L01Plus.o
                0x00000000000138ac                nordic_clear_packet_available_flag
 .text.nordic_read_rx_fifo
                0x00000000000138b4       0x14 obj//home/peter/SJSU-Dev/firmware/lib/L4_IO/wireless/src/nrf24L01Plus.o
                0x00000000000138b4                nordic_read_rx_fifo
 .text.nordic_flush_rx_fifo
                0x00000000000138c8        0xc obj//home/peter/SJSU-Dev/firmware/lib/L4_IO/wireless/src/nrf24L01Plus.o
                0x00000000000138c8                nordic_flush_rx_fifo
 .text.nordic_set_intr_signals
                0x00000000000138d4       0x3e obj//home/peter/SJSU-Dev/firmware/lib/L4_IO/wireless/src/nrf24L01Plus.o
                0x00000000000138d4                nordic_set_intr_signals
 .text.nordic_set_crc
                0x0000000000013912       0x38 obj//home/peter/SJSU-Dev/firmware/lib/L4_IO/wireless/src/nrf24L01Plus.o
                0x0000000000013912                nordic_set_crc
 .text.nordic_power_up
                0x000000000001394a       0x18 obj//home/peter/SJSU-Dev/firmware/lib/L4_IO/wireless/src/nrf24L01Plus.o
                0x000000000001394a                nordic_power_up
 .text.nordic_power_down
                0x0000000000013962       0x16 obj//home/peter/SJSU-Dev/firmware/lib/L4_IO/wireless/src/nrf24L01Plus.o
                0x0000000000013962                nordic_power_down
 .text.nordic_set_channel
                0x0000000000013978       0x24 obj//home/peter/SJSU-Dev/firmware/lib/L4_IO/wireless/src/nrf24L01Plus.o
                0x0000000000013978                nordic_set_channel
 .text.nordic_set_air_data_rate
                0x000000000001399c       0x2c obj//home/peter/SJSU-Dev/firmware/lib/L4_IO/wireless/src/nrf24L01Plus.o
                0x000000000001399c                nordic_set_air_data_rate
 .text.nordic_set_power_level
                0x00000000000139c8       0x24 obj//home/peter/SJSU-Dev/firmware/lib/L4_IO/wireless/src/nrf24L01Plus.o
                0x00000000000139c8                nordic_set_power_level
 .text.nordic_set_auto_transmit_options
                0x00000000000139ec       0x2c obj//home/peter/SJSU-Dev/firmware/lib/L4_IO/wireless/src/nrf24L01Plus.o
                0x00000000000139ec                nordic_set_auto_transmit_options
 .text.nordic_set_payload_for_pipe
                0x0000000000013a18       0x14 obj//home/peter/SJSU-Dev/firmware/lib/L4_IO/wireless/src/nrf24L01Plus.o
                0x0000000000013a18                nordic_set_payload_for_pipe
 .text.nordic_set_addr_width
                0x0000000000013a2c       0x16 obj//home/peter/SJSU-Dev/firmware/lib/L4_IO/wireless/src/nrf24L01Plus.o
                0x0000000000013a2c                nordic_set_addr_width
 .text.nordic_set_tx_address
                0x0000000000013a42        0xc obj//home/peter/SJSU-Dev/firmware/lib/L4_IO/wireless/src/nrf24L01Plus.o
                0x0000000000013a42                nordic_set_tx_address
 .text.nordic_set_rx_pipe0_addr
                0x0000000000013a4e        0xc obj//home/peter/SJSU-Dev/firmware/lib/L4_IO/wireless/src/nrf24L01Plus.o
                0x0000000000013a4e                nordic_set_rx_pipe0_addr
 *fill*         0x0000000000013a5a        0x2 ff
 .text.nordic_init
                0x0000000000013a5c       0xc8 obj//home/peter/SJSU-Dev/firmware/lib/L4_IO/wireless/src/nrf24L01Plus.o
                0x0000000000013a5c                nordic_init
 .text.mesh_incr_soft_timers_for_arr
                0x0000000000013b24       0x26 obj//home/peter/SJSU-Dev/firmware/lib/L4_IO/wireless/src/mesh.o
 *fill*         0x0000000000013b4a        0x2 ff
 .text.mesh_update_soft_timers
                0x0000000000013b4c       0x4c obj//home/peter/SJSU-Dev/firmware/lib/L4_IO/wireless/src/mesh.o
 .text.mesh_send_packet
                0x0000000000013b98       0x3c obj//home/peter/SJSU-Dev/firmware/lib/L4_IO/wireless/src/mesh.o
 .text.mesh_send_retry_packet
                0x0000000000013bd4       0x34 obj//home/peter/SJSU-Dev/firmware/lib/L4_IO/wireless/src/mesh.o
 .text.mesh_find_rte_tbl_entry
                0x0000000000013c08       0x24 obj//home/peter/SJSU-Dev/firmware/lib/L4_IO/wireless/src/mesh.o
 .text.mesh_update_rte_scores
                0x0000000000013c2c       0x28 obj//home/peter/SJSU-Dev/firmware/lib/L4_IO/wireless/src/mesh.o
 .text.mesh_get_pnd_pkt_slot
                0x0000000000013c54       0x40 obj//home/peter/SJSU-Dev/firmware/lib/L4_IO/wireless/src/mesh.o
 .text.mesh_pending_packets_add
                0x0000000000013c94       0x90 obj//home/peter/SJSU-Dev/firmware/lib/L4_IO/wireless/src/mesh.o
 .text.mesh_get_rte_to_modify
                0x0000000000013d24       0x58 obj//home/peter/SJSU-Dev/firmware/lib/L4_IO/wireless/src/mesh.o
 .text.mesh_handle_pnd_pkts_for_arr
                0x0000000000013d7c      0x178 obj//home/peter/SJSU-Dev/firmware/lib/L4_IO/wireless/src/mesh.o
 .text.mesh_set_node_address
                0x0000000000013ef4       0x18 obj//home/peter/SJSU-Dev/firmware/lib/L4_IO/wireless/src/mesh.o
                0x0000000000013ef4                mesh_set_node_address
 .text.mesh_get_node_address
                0x0000000000013f0c        0xc obj//home/peter/SJSU-Dev/firmware/lib/L4_IO/wireless/src/mesh.o
                0x0000000000013f0c                mesh_get_node_address
 .text.mesh_form_pkt
                0x0000000000013f18       0xf8 obj//home/peter/SJSU-Dev/firmware/lib/L4_IO/wireless/src/mesh.o
                0x0000000000013f18                mesh_form_pkt
 .text.mesh_send_formed_pkt
                0x0000000000014010       0x58 obj//home/peter/SJSU-Dev/firmware/lib/L4_IO/wireless/src/mesh.o
                0x0000000000014010                mesh_send_formed_pkt
 .text.mesh_init
                0x0000000000014068      0x100 obj//home/peter/SJSU-Dev/firmware/lib/L4_IO/wireless/src/mesh.o
                0x0000000000014068                mesh_init
 .text.mesh_send
                0x0000000000014168       0x3e obj//home/peter/SJSU-Dev/firmware/lib/L4_IO/wireless/src/mesh.o
                0x0000000000014168                mesh_send
 .text.mesh_send_ack
                0x00000000000141a6       0x1a obj//home/peter/SJSU-Dev/firmware/lib/L4_IO/wireless/src/mesh.o
 .text.mesh_get_num_routing_entries
                0x00000000000141c0       0x1c obj//home/peter/SJSU-Dev/firmware/lib/L4_IO/wireless/src/mesh.o
                0x00000000000141c0                mesh_get_num_routing_entries
 .text.mesh_service
                0x00000000000141dc      0x2d0 obj//home/peter/SJSU-Dev/firmware/lib/L4_IO/wireless/src/mesh.o
                0x00000000000141dc                mesh_service
 .text.mesh_get_pnd_pkt_count
                0x00000000000144ac       0x34 obj//home/peter/SJSU-Dev/firmware/lib/L4_IO/wireless/src/mesh.o
                0x00000000000144ac                mesh_get_pnd_pkt_count
 .text._ZN7Storage4readEPKcPvjj
                0x00000000000144e0       0x44 obj//home/peter/SJSU-Dev/firmware/lib/L4_IO/src/storage.o
                0x00000000000144e0                Storage::read(char const*, void*, unsigned int, unsigned int)
 .text._ZN11i2c2_device8writeRegEhh
                0x0000000000014524        0xc obj//home/peter/SJSU-Dev/firmware/lib/L4_IO/src/io_source.o
                0x0000000000014524                i2c2_device::writeReg(unsigned char, unsigned char)
 .text._ZN11i2c2_device16get16BitRegisterEh
                0x0000000000014530       0x2a obj//home/peter/SJSU-Dev/firmware/lib/L4_IO/src/io_source.o
                0x0000000000014530                i2c2_device::get16BitRegister(unsigned char)
 .text._ZN19Acceleration_Sensor4initEv
                0x000000000001455a       0x20 obj//home/peter/SJSU-Dev/firmware/lib/L4_IO/src/io_source.o
                0x000000000001455a                Acceleration_Sensor::init()
 *fill*         0x000000000001457a        0x2 ff
 .text._ZN9IR_Sensor11storeIrCodeEm
                0x000000000001457c       0x1c obj//home/peter/SJSU-Dev/firmware/lib/L4_IO/src/io_source.o
                0x000000000001457c                IR_Sensor::storeIrCode(unsigned long)
 .text._ZN9IR_Sensor12decodeIrCodeEv
                0x0000000000014598       0x64 obj//home/peter/SJSU-Dev/firmware/lib/L4_IO/src/io_source.o
                0x0000000000014598                IR_Sensor::decodeIrCode()
 .text._ZN9IR_Sensor4initEv
                0x00000000000145fc       0x34 obj//home/peter/SJSU-Dev/firmware/lib/L4_IO/src/io_source.o
                0x00000000000145fc                IR_Sensor::init()
 .text._ZN11LED_Display12setLeftDigitEc
                0x0000000000014630       0x18 obj//home/peter/SJSU-Dev/firmware/lib/L4_IO/src/io_source.o
                0x0000000000014630                LED_Display::setLeftDigit(char)
 .text._ZN11LED_Display13setRightDigitEc
                0x0000000000014648       0x18 obj//home/peter/SJSU-Dev/firmware/lib/L4_IO/src/io_source.o
                0x0000000000014648                LED_Display::setRightDigit(char)
 .text._ZN11LED_Display4initEv
                0x0000000000014660       0x38 obj//home/peter/SJSU-Dev/firmware/lib/L4_IO/src/io_source.o
                0x0000000000014660                LED_Display::init()
 .text._ZN11LED_Display9setNumberEc
                0x0000000000014698       0x3a obj//home/peter/SJSU-Dev/firmware/lib/L4_IO/src/io_source.o
                0x0000000000014698                LED_Display::setNumber(char)
 .text._ZN3LED4initEv
                0x00000000000146d2        0x4 obj//home/peter/SJSU-Dev/firmware/lib/L4_IO/src/io_source.o
                0x00000000000146d2                LED::init()
 *fill*         0x00000000000146d6        0x2 ff
 .text._ZN3LED6setAllEh
                0x00000000000146d8       0x50 obj//home/peter/SJSU-Dev/firmware/lib/L4_IO/src/io_source.o
                0x00000000000146d8                LED::setAll(unsigned char)
 .text._ZN12Light_Sensor4initEv
                0x0000000000014728        0x4 obj//home/peter/SJSU-Dev/firmware/lib/L4_IO/src/io_source.o
                0x0000000000014728                Light_Sensor::init()
 .text._ZN12Light_Sensor11getRawValueEv
                0x000000000001472c        0x6 obj//home/peter/SJSU-Dev/firmware/lib/L4_IO/src/io_source.o
                0x000000000001472c                Light_Sensor::getRawValue()
 .text._ZN8Switches4initEv
                0x0000000000014732        0x4 obj//home/peter/SJSU-Dev/firmware/lib/L4_IO/src/io_source.o
                0x0000000000014732                Switches::init()
 *fill*         0x0000000000014736        0x2 ff
 .text._ZN8Switches15getSwitchValuesEv
                0x0000000000014738       0x18 obj//home/peter/SJSU-Dev/firmware/lib/L4_IO/src/io_source.o
                0x0000000000014738                Switches::getSwitchValues()
 .text._ZN8I2C_Temp4initEv
                0x0000000000014750       0x22 obj//home/peter/SJSU-Dev/firmware/lib/L4_IO/src/io_source.o
                0x0000000000014750                I2C_Temp::init()
 .text._ZN8I2C_Temp10getCelsiusEv
                0x0000000000014772       0x30 obj//home/peter/SJSU-Dev/firmware/lib/L4_IO/src/io_source.o
                0x0000000000014772                I2C_Temp::getCelsius()
 *fill*         0x00000000000147a2        0x2 ff
 .text._ZN8I2C_Temp12getFarenheitEv
                0x00000000000147a4       0x24 obj//home/peter/SJSU-Dev/firmware/lib/L4_IO/src/io_source.o
                0x00000000000147a4                I2C_Temp::getFarenheit()
 .text._ZN7LabGPIOC2Ehh
                0x00000000000147c8       0x38 obj//home/peter/SJSU-Dev/firmware/lib/peter_lib/gpio_driver/gpioDriver.o
                0x00000000000147c8                LabGPIO::LabGPIO(unsigned char, unsigned char)
                0x00000000000147c8                LabGPIO::LabGPIO(unsigned char, unsigned char)
 .text._ZN7LabGPIO10setAsInputEv
                0x0000000000014800       0x12 obj//home/peter/SJSU-Dev/firmware/lib/peter_lib/gpio_driver/gpioDriver.o
                0x0000000000014800                LabGPIO::setAsInput()
 .text._ZN7LabGPIO11setAsOutputEv
                0x0000000000014812       0x10 obj//home/peter/SJSU-Dev/firmware/lib/peter_lib/gpio_driver/gpioDriver.o
                0x0000000000014812                LabGPIO::setAsOutput()
 .text._ZN7LabGPIO7setHighEv
                0x0000000000014822       0x10 obj//home/peter/SJSU-Dev/firmware/lib/peter_lib/gpio_driver/gpioDriver.o
                0x0000000000014822                LabGPIO::setHigh()
 .text._ZN7LabGPIO6setLowEv
                0x0000000000014832       0x12 obj//home/peter/SJSU-Dev/firmware/lib/peter_lib/gpio_driver/gpioDriver.o
                0x0000000000014832                LabGPIO::setLow()
 .text._ZN7LabGPIO8getLevelEv
                0x0000000000014844       0x14 obj//home/peter/SJSU-Dev/firmware/lib/peter_lib/gpio_driver/gpioDriver.o
                0x0000000000014844                LabGPIO::getLevel()
 .text._ZN7LabGPIOD2Ev
                0x0000000000014858        0x2 obj//home/peter/SJSU-Dev/firmware/lib/peter_lib/gpio_driver/gpioDriver.o
                0x0000000000014858                LabGPIO::~LabGPIO()
                0x0000000000014858                LabGPIO::~LabGPIO()
 .text._ZN8I2C_Base8transferEhPhmS0_m
                0x000000000001485a      0x108 obj//home/peter/SJSU-Dev/firmware/lib/L2_Drivers/base/i2c_base.o
                0x000000000001485a                I2C_Base::transfer(unsigned char, unsigned char*, unsigned long, unsigned char*, unsigned long)
 .text._ZN8I2C_Base21writeRegisterThenReadEhPhmS0_m
                0x0000000000014962        0xc obj//home/peter/SJSU-Dev/firmware/lib/L2_Drivers/base/i2c_base.o
                0x0000000000014962                I2C_Base::writeRegisterThenRead(unsigned char, unsigned char*, unsigned long, unsigned char*, unsigned long)
 .text._ZN8I2C_Base7readRegEhh
                0x000000000001496e       0x28 obj//home/peter/SJSU-Dev/firmware/lib/L2_Drivers/base/i2c_base.o
                0x000000000001496e                I2C_Base::readReg(unsigned char, unsigned char)
 .text._ZN8I2C_Base13readRegistersEhhPhm
                0x0000000000014996       0x1a obj//home/peter/SJSU-Dev/firmware/lib/L2_Drivers/base/i2c_base.o
                0x0000000000014996                I2C_Base::readRegisters(unsigned char, unsigned char, unsigned char*, unsigned long)
 .text._ZN8I2C_Base14writeRegistersEhPhm
                0x00000000000149b0       0x14 obj//home/peter/SJSU-Dev/firmware/lib/L2_Drivers/base/i2c_base.o
                0x00000000000149b0                I2C_Base::writeRegisters(unsigned char, unsigned char*, unsigned long)
 .text._ZN8I2C_Base8writeRegEhhh
                0x00000000000149c4       0x18 obj//home/peter/SJSU-Dev/firmware/lib/L2_Drivers/base/i2c_base.o
                0x00000000000149c4                I2C_Base::writeReg(unsigned char, unsigned char, unsigned char)
 .text._ZN8I2C_Base13readRegistersEhPhm
                0x00000000000149dc       0x18 obj//home/peter/SJSU-Dev/firmware/lib/L2_Drivers/base/i2c_base.o
                0x00000000000149dc                I2C_Base::readRegisters(unsigned char, unsigned char*, unsigned long)
 .text._ZN8I2C_Base19checkDeviceResponseEh
                0x00000000000149f4       0x14 obj//home/peter/SJSU-Dev/firmware/lib/L2_Drivers/base/i2c_base.o
                0x00000000000149f4                I2C_Base::checkDeviceResponse(unsigned char)
 .text._ZN8I2C_BaseC2EP15LPC_I2C_TypeDef
                0x0000000000014a08       0x5c obj//home/peter/SJSU-Dev/firmware/lib/L2_Drivers/base/i2c_base.o
                0x0000000000014a08                I2C_Base::I2C_Base(LPC_I2C_TypeDef*)
                0x0000000000014a08                I2C_Base::I2C_Base(LPC_I2C_TypeDef*)
 .text._ZN8I2C_Base4initEmm
                0x0000000000014a64       0x94 obj//home/peter/SJSU-Dev/firmware/lib/L2_Drivers/base/i2c_base.o
                0x0000000000014a64                I2C_Base::init(unsigned long, unsigned long)
 .text._ZN8I2C_Base7setStopEv
                0x0000000000014af8       0x28 obj//home/peter/SJSU-Dev/firmware/lib/L2_Drivers/base/i2c_base.o
                0x0000000000014af8                I2C_Base::setStop()
 .text._ZN8I2C_Base15i2cStateMachineEv
                0x0000000000014b20      0x10a obj//home/peter/SJSU-Dev/firmware/lib/L2_Drivers/base/i2c_base.o
                0x0000000000014b20                I2C_Base::i2cStateMachine()
 *fill*         0x0000000000014c2a        0x2 ff
 .text._ZN8I2C_Base15handleInterruptEv
                0x0000000000014c2c       0x38 obj//home/peter/SJSU-Dev/firmware/lib/L2_Drivers/base/i2c_base.o
                0x0000000000014c2c                I2C_Base::handleInterrupt()
 .text._ZN7UartDev7putCharEcj
                0x0000000000014c64       0x5c obj//home/peter/SJSU-Dev/firmware/lib/L2_Drivers/base/uart_dev.o
                0x0000000000014c64                UartDev::putChar(char, unsigned int)
 .text._ZN7UartDevD2Ev
                0x0000000000014cc0       0x14 obj//home/peter/SJSU-Dev/firmware/lib/L2_Drivers/base/uart_dev.o
                0x0000000000014cc0                UartDev::~UartDev()
                0x0000000000014cc0                UartDev::~UartDev()
 .text._ZN7UartDevD0Ev
                0x0000000000014cd4       0x14 obj//home/peter/SJSU-Dev/firmware/lib/L2_Drivers/base/uart_dev.o
                0x0000000000014cd4                UartDev::~UartDev()
 .text._ZN7UartDev5flushEv
                0x0000000000014ce8       0x20 obj//home/peter/SJSU-Dev/firmware/lib/L2_Drivers/base/uart_dev.o
                0x0000000000014ce8                UartDev::flush()
 .text._ZN7UartDev7getCharEPcj
                0x0000000000014d08       0x6c obj//home/peter/SJSU-Dev/firmware/lib/L2_Drivers/base/uart_dev.o
                0x0000000000014d08                UartDev::getChar(char*, unsigned int)
 .text._ZN7UartDev11setBaudRateEj
                0x0000000000014d74       0x34 obj//home/peter/SJSU-Dev/firmware/lib/L2_Drivers/base/uart_dev.o
                0x0000000000014d74                UartDev::setBaudRate(unsigned int)
 .text._ZN7UartDev15handleInterruptEv
                0x0000000000014da8       0xc0 obj//home/peter/SJSU-Dev/firmware/lib/L2_Drivers/base/uart_dev.o
                0x0000000000014da8                UartDev::handleInterrupt()
 .text._ZN7UartDevC2EPj
                0x0000000000014e68       0x28 obj//home/peter/SJSU-Dev/firmware/lib/L2_Drivers/base/uart_dev.o
                0x0000000000014e68                UartDev::UartDev(unsigned int*)
                0x0000000000014e68                UartDev::UartDev(unsigned int*)
 .text._ZN7UartDev4initEjjii
                0x0000000000014e90       0xac obj//home/peter/SJSU-Dev/firmware/lib/L2_Drivers/base/uart_dev.o
                0x0000000000014e90                UartDev::init(unsigned int, unsigned int, int, int)
 .text._ZN7CharDev5flushEv
                0x0000000000014f3c        0x4 obj//home/peter/SJSU-Dev/firmware/lib/L2_Drivers/base/char_dev.o
                0x0000000000014f3c                CharDev::flush()
 .text._ZN7CharDevC2Ev
                0x0000000000014f40       0x20 obj//home/peter/SJSU-Dev/firmware/lib/L2_Drivers/base/char_dev.o
                0x0000000000014f40                CharDev::CharDev()
                0x0000000000014f40                CharDev::CharDev()
 .text._ZN7CharDevD2Ev
                0x0000000000014f60       0x18 obj//home/peter/SJSU-Dev/firmware/lib/L2_Drivers/base/char_dev.o
                0x0000000000014f60                CharDev::~CharDev()
                0x0000000000014f60                CharDev::~CharDev()
 .text.spi1_lock
                0x0000000000014f78       0x30 obj//home/peter/SJSU-Dev/firmware/lib/L2_Drivers/src/spi_sem.o
                0x0000000000014f78                spi1_lock
 .text.spi1_unlock
                0x0000000000014fa8       0x24 obj//home/peter/SJSU-Dev/firmware/lib/L2_Drivers/src/spi_sem.o
                0x0000000000014fa8                spi1_unlock
 .text.RIT_IRQHandler
                0x0000000000014fcc       0x1c obj//home/peter/SJSU-Dev/firmware/lib/L2_Drivers/src/lpc_rit.o
                0x0000000000014fcc                RIT_IRQHandler
 .text.CAN_tx_now
                0x0000000000014fe8       0x32 obj//home/peter/SJSU-Dev/firmware/lib/L2_Drivers/src/can.o
 *fill*         0x000000000001501a        0x2 ff
 .text.CAN_handle_isr
                0x000000000001501c       0xa4 obj//home/peter/SJSU-Dev/firmware/lib/L2_Drivers/src/can.o
 .text.CAN_IRQHandler
                0x00000000000150c0       0x28 obj//home/peter/SJSU-Dev/firmware/lib/L2_Drivers/src/can.o
                0x00000000000150c0                CAN_IRQHandler
 .text._ZN5Uart0D2Ev
                0x00000000000150e8       0x14 obj//home/peter/SJSU-Dev/firmware/lib/L2_Drivers/src/uart0.o
                0x00000000000150e8                Uart0::~Uart0()
                0x00000000000150e8                Uart0::~Uart0()
 .text._ZN5Uart0D0Ev
                0x00000000000150fc       0x14 obj//home/peter/SJSU-Dev/firmware/lib/L2_Drivers/src/uart0.o
                0x00000000000150fc                Uart0::~Uart0()
 .text._ZN5Uart0C2Ev
                0x0000000000015110       0x1c obj//home/peter/SJSU-Dev/firmware/lib/L2_Drivers/src/uart0.o
                0x0000000000015110                Uart0::Uart0()
                0x0000000000015110                Uart0::Uart0()
 .text.UART0_IRQHandler
                0x000000000001512c       0x24 obj//home/peter/SJSU-Dev/firmware/lib/L2_Drivers/src/uart0.o
                0x000000000001512c                UART0_IRQHandler
 .text._ZN5Uart3D2Ev
                0x0000000000015150       0x14 obj//home/peter/SJSU-Dev/firmware/lib/L2_Drivers/src/uart3.o
                0x0000000000015150                Uart3::~Uart3()
                0x0000000000015150                Uart3::~Uart3()
 .text._ZN5Uart3D0Ev
                0x0000000000015164       0x14 obj//home/peter/SJSU-Dev/firmware/lib/L2_Drivers/src/uart3.o
                0x0000000000015164                Uart3::~Uart3()
 .text._ZN5Uart34initEjii
                0x0000000000015178       0x40 obj//home/peter/SJSU-Dev/firmware/lib/L2_Drivers/src/uart3.o
                0x0000000000015178                Uart3::init(unsigned int, int, int)
 .text._ZN5Uart3C2Ev
                0x00000000000151b8       0x1c obj//home/peter/SJSU-Dev/firmware/lib/L2_Drivers/src/uart3.o
                0x00000000000151b8                Uart3::Uart3()
                0x00000000000151b8                Uart3::Uart3()
 .text.UART3_IRQHandler
                0x00000000000151d4       0x24 obj//home/peter/SJSU-Dev/firmware/lib/L2_Drivers/src/uart3.o
                0x00000000000151d4                UART3_IRQHandler
 .text.handle_eint_list
                0x00000000000151f8       0x2c obj//home/peter/SJSU-Dev/firmware/lib/L2_Drivers/src/eint.o
 .text.eint3_enable.isra.0
                0x0000000000015224       0x38 obj//home/peter/SJSU-Dev/firmware/lib/L2_Drivers/src/eint.o
 .text.EINT3_IRQHandler
                0x000000000001525c       0x80 obj//home/peter/SJSU-Dev/firmware/lib/L2_Drivers/src/eint.o
                0x000000000001525c                EINT3_IRQHandler
 .text.eint3_enable_port0
                0x00000000000152dc       0x30 obj//home/peter/SJSU-Dev/firmware/lib/L2_Drivers/src/eint.o
                0x00000000000152dc                eint3_enable_port0
 .text.lpc_timer_get_struct
                0x000000000001530c       0x20 obj//home/peter/SJSU-Dev/firmware/lib/L2_Drivers/src/lpc_timers.o
 .text.lpc_timer_enable
                0x000000000001532c       0x6c obj//home/peter/SJSU-Dev/firmware/lib/L2_Drivers/src/lpc_timers.o
                0x000000000001532c                lpc_timer_enable
 .text.ssp1_dma_init
                0x0000000000015398       0x1c obj//home/peter/SJSU-Dev/firmware/lib/L2_Drivers/src/spi_dma.o
                0x0000000000015398                ssp1_dma_init
 .text.ssp1_dma_transfer_block
                0x00000000000153b4       0xc0 obj//home/peter/SJSU-Dev/firmware/lib/L2_Drivers/src/spi_dma.o
                0x00000000000153b4                ssp1_dma_transfer_block
 .text._ZN5Uart2D2Ev
                0x0000000000015474       0x14 obj//home/peter/SJSU-Dev/firmware/lib/L2_Drivers/src/uart2.o
                0x0000000000015474                Uart2::~Uart2()
                0x0000000000015474                Uart2::~Uart2()
 .text._ZN5Uart2D0Ev
                0x0000000000015488       0x14 obj//home/peter/SJSU-Dev/firmware/lib/L2_Drivers/src/uart2.o
                0x0000000000015488                Uart2::~Uart2()
 .text._ZN5Uart2C2Ev
                0x000000000001549c       0x1c obj//home/peter/SJSU-Dev/firmware/lib/L2_Drivers/src/uart2.o
                0x000000000001549c                Uart2::Uart2()
                0x000000000001549c                Uart2::Uart2()
 .text.UART2_IRQHandler
                0x00000000000154b8       0x24 obj//home/peter/SJSU-Dev/firmware/lib/L2_Drivers/src/uart2.o
                0x00000000000154b8                UART2_IRQHandler
 .text.adc0_start_conversion
                0x00000000000154dc       0x24 obj//home/peter/SJSU-Dev/firmware/lib/L2_Drivers/src/adc.o
 .text.ADC_IRQHandler
                0x0000000000015500       0x48 obj//home/peter/SJSU-Dev/firmware/lib/L2_Drivers/src/adc.o
                0x0000000000015500                ADC_IRQHandler
 .text.adc0_init
                0x0000000000015548       0x74 obj//home/peter/SJSU-Dev/firmware/lib/L2_Drivers/src/adc.o
                0x0000000000015548                adc0_init
 .text.adc0_get_reading
                0x00000000000155bc       0x74 obj//home/peter/SJSU-Dev/firmware/lib/L2_Drivers/src/adc.o
                0x00000000000155bc                adc0_get_reading
 .text.rtc_gettime
                0x0000000000015630       0x48 obj//home/peter/SJSU-Dev/firmware/lib/L2_Drivers/src/rtc.o
                0x0000000000015630                rtc_gettime
 .text.rtc_settime
                0x0000000000015678       0x68 obj//home/peter/SJSU-Dev/firmware/lib/L2_Drivers/src/rtc.o
                0x0000000000015678                rtc_settime
 .text.rtc_init
                0x00000000000156e0       0xd0 obj//home/peter/SJSU-Dev/firmware/lib/L2_Drivers/src/rtc.o
                0x00000000000156e0                rtc_init
 .text._ZN4I2C24initEj
                0x00000000000157b0       0x6c obj//home/peter/SJSU-Dev/firmware/lib/L2_Drivers/src/i2c2.o
                0x00000000000157b0                I2C2::init(unsigned int)
 .text._ZN4I2C2C2Ev
                0x000000000001581c       0x14 obj//home/peter/SJSU-Dev/firmware/lib/L2_Drivers/src/i2c2.o
                0x000000000001581c                I2C2::I2C2()
                0x000000000001581c                I2C2::I2C2()
 .text.I2C2_IRQHandler
                0x0000000000015830       0x28 obj//home/peter/SJSU-Dev/firmware/lib/L2_Drivers/src/i2c2.o
                0x0000000000015830                I2C2_IRQHandler
 .text.tlm_component_find_by_name
                0x0000000000015858       0x10 obj//home/peter/SJSU-Dev/firmware/lib/L3_Utils/tlm/src/c_tlm_comp.o
 .text.tlm_component_get_by_name
                0x0000000000015868       0x24 obj//home/peter/SJSU-Dev/firmware/lib/L3_Utils/tlm/src/c_tlm_comp.o
                0x0000000000015868                tlm_component_get_by_name
 .text.tlm_component_add
                0x000000000001588c       0x6c obj//home/peter/SJSU-Dev/firmware/lib/L3_Utils/tlm/src/c_tlm_comp.o
                0x000000000001588c                tlm_component_add
 .text.tlm_variable_check_dup
                0x00000000000158f8       0x1e obj//home/peter/SJSU-Dev/firmware/lib/L3_Utils/tlm/src/c_tlm_var.o
 .text.tlm_component_find_callback
                0x0000000000015916       0x14 obj//home/peter/SJSU-Dev/firmware/lib/L3_Utils/tlm/src/c_tlm_var.o
 *fill*         0x000000000001592a        0x2 ff
 .text.tlm_variable_register
                0x000000000001592c       0x7c obj//home/peter/SJSU-Dev/firmware/lib/L3_Utils/tlm/src/c_tlm_var.o
                0x000000000001592c                tlm_variable_register
 .text.tlm_variable_get_by_name
                0x00000000000159a8       0x28 obj//home/peter/SJSU-Dev/firmware/lib/L3_Utils/tlm/src/c_tlm_var.o
                0x00000000000159a8                tlm_variable_get_by_name
 .text.tlm_stream_decode_file
                0x00000000000159d0      0x1b8 obj//home/peter/SJSU-Dev/firmware/lib/L3_Utils/tlm/src/c_tlm_stream.o
                0x00000000000159d0                tlm_stream_decode_file
 .text.for_each_recur_alarm_callback
                0x0000000000015b88       0x24 obj//home/peter/SJSU-Dev/firmware/lib/L3_Utils/src/rtc_alarm.o
 .text.for_each_alarm_callback
                0x0000000000015bac       0x5a obj//home/peter/SJSU-Dev/firmware/lib/L3_Utils/src/rtc_alarm.o
 *fill*         0x0000000000015c06        0x2 ff
 .text.RTC_IRQHandler
                0x0000000000015c08       0xac obj//home/peter/SJSU-Dev/firmware/lib/L3_Utils/src/rtc_alarm.o
                0x0000000000015c08                RTC_IRQHandler
 .text.logger_write_to_file
                0x0000000000015cb4       0xb4 obj//home/peter/SJSU-Dev/firmware/lib/L3_Utils/src/file_logger.o
 .text.logger_task
                0x0000000000015d68       0xd0 obj//home/peter/SJSU-Dev/firmware/lib/L3_Utils/src/file_logger.o
 .text.logger_init
                0x0000000000015e38       0xcc obj//home/peter/SJSU-Dev/firmware/lib/L3_Utils/src/file_logger.o
                0x0000000000015e38                logger_init
 .text.c_list_create
                0x0000000000015f04       0x14 obj//home/peter/SJSU-Dev/firmware/lib/L3_Utils/src/c_list.o
                0x0000000000015f04                c_list_create
 .text.c_list_insert_elm_end
                0x0000000000015f18       0x38 obj//home/peter/SJSU-Dev/firmware/lib/L3_Utils/src/c_list.o
                0x0000000000015f18                c_list_insert_elm_end
 .text.c_list_find_elm
                0x0000000000015f50       0x2c obj//home/peter/SJSU-Dev/firmware/lib/L3_Utils/src/c_list.o
                0x0000000000015f50                c_list_find_elm
 .text.c_list_for_each_elm
                0x0000000000015f7c       0x2a obj//home/peter/SJSU-Dev/firmware/lib/L3_Utils/src/c_list.o
                0x0000000000015f7c                c_list_for_each_elm
 .text._ZN14scheduler_task4initEv
                0x0000000000015fa6        0x4 obj//home/peter/SJSU-Dev/firmware/lib/L3_Utils/src/scheduler_task.o
                0x0000000000015fa6                scheduler_task::init()
 .text._ZN14scheduler_task6regTlmEv
                0x0000000000015faa        0x4 obj//home/peter/SJSU-Dev/firmware/lib/L3_Utils/src/scheduler_task.o
                0x0000000000015faa                scheduler_task::regTlm()
 .text._ZN14scheduler_task9taskEntryEv
                0x0000000000015fae        0x4 obj//home/peter/SJSU-Dev/firmware/lib/L3_Utils/src/scheduler_task.o
                0x0000000000015fae                scheduler_task::taskEntry()
 .text.__sputc_r
                0x0000000000015fb2       0x2c obj//home/peter/SJSU-Dev/firmware/lib/L3_Utils/src/scheduler_task.o
 *fill*         0x0000000000015fde        0x2 ff
 .text._ZL9dbg_printPKcS0_
                0x0000000000015fe0       0x34 obj//home/peter/SJSU-Dev/firmware/lib/L3_Utils/src/scheduler_task.o
 .text._ZL9printlinePKcS0_
                0x0000000000016014       0x38 obj//home/peter/SJSU-Dev/firmware/lib/L3_Utils/src/scheduler_task.o
 .text._Z24scheduler_c_task_privatePv
                0x000000000001604c      0x124 obj//home/peter/SJSU-Dev/firmware/lib/L3_Utils/src/scheduler_task.o
                0x000000000001604c                scheduler_c_task_private(void*)
 .text._Z18scheduler_init_allb
                0x0000000000016170      0x1b0 obj//home/peter/SJSU-Dev/firmware/lib/L3_Utils/src/scheduler_task.o
                0x0000000000016170                scheduler_init_all(bool)
 .text._Z18scheduler_add_taskP14scheduler_task
                0x0000000000016320       0x1c obj//home/peter/SJSU-Dev/firmware/lib/L3_Utils/src/scheduler_task.o
                0x0000000000016320                scheduler_add_task(scheduler_task*)
 .text._Z15scheduler_startbb
                0x000000000001633c       0x40 obj//home/peter/SJSU-Dev/firmware/lib/L3_Utils/src/scheduler_task.o
                0x000000000001633c                scheduler_start(bool, bool)
 .text._ZN14scheduler_taskC2EPKcmhPv
                0x000000000001637c       0x34 obj//home/peter/SJSU-Dev/firmware/lib/L3_Utils/src/scheduler_task.o
                0x000000000001637c                scheduler_task::scheduler_task(char const*, unsigned long, unsigned char, void*)
                0x000000000001637c                scheduler_task::scheduler_task(char const*, unsigned long, unsigned char, void*)
 .text.u0_dbg_put
                0x00000000000163b0       0x1e obj//home/peter/SJSU-Dev/firmware/lib/L3_Utils/src/printf_lib.o
                0x00000000000163b0                u0_dbg_put
 .text.u0_dbg_printf
                0x00000000000163ce       0x3c obj//home/peter/SJSU-Dev/firmware/lib/L3_Utils/src/printf_lib.o
                0x00000000000163ce                u0_dbg_printf
 .text.delay_us
                0x000000000001640a       0x1c obj//home/peter/SJSU-Dev/firmware/lib/L3_Utils/src/utilities.o
                0x000000000001640a                delay_us
 .text.is_freertos_running
                0x0000000000016426        0xe obj//home/peter/SJSU-Dev/firmware/lib/L3_Utils/src/utilities.o
                0x0000000000016426                is_freertos_running
 .text.delay_ms
                0x0000000000016434       0x22 obj//home/peter/SJSU-Dev/firmware/lib/L3_Utils/src/utilities.o
                0x0000000000016434                delay_ms
 .text.pvPortMalloc
                0x0000000000016456       0x1e obj//home/peter/SJSU-Dev/firmware/lib/L1_FreeRTOS/MemMang/freertos_mem_man.o
                0x0000000000016456                pvPortMalloc
 .text.vPortFree
                0x0000000000016474       0x1a obj//home/peter/SJSU-Dev/firmware/lib/L1_FreeRTOS/MemMang/freertos_mem_man.o
                0x0000000000016474                vPortFree
 .text.vListInitialise
                0x000000000001648e       0x16 obj//home/peter/SJSU-Dev/firmware/lib/L1_FreeRTOS/src/list.o
                0x000000000001648e                vListInitialise
 .text.vListInitialiseItem
                0x00000000000164a4        0x6 obj//home/peter/SJSU-Dev/firmware/lib/L1_FreeRTOS/src/list.o
                0x00000000000164a4                vListInitialiseItem
 .text.vListInsertEnd
                0x00000000000164aa       0x18 obj//home/peter/SJSU-Dev/firmware/lib/L1_FreeRTOS/src/list.o
                0x00000000000164aa                vListInsertEnd
 .text.vListInsert
                0x00000000000164c2       0x2e obj//home/peter/SJSU-Dev/firmware/lib/L1_FreeRTOS/src/list.o
                0x00000000000164c2                vListInsert
 .text.uxListRemove
                0x00000000000164f0       0x20 obj//home/peter/SJSU-Dev/firmware/lib/L1_FreeRTOS/src/list.o
                0x00000000000164f0                uxListRemove
 .text.prvCopyDataToQueue
                0x0000000000016510       0x66 obj//home/peter/SJSU-Dev/firmware/lib/L1_FreeRTOS/src/queue.o
 .text.prvNotifyQueueSetContainer
                0x0000000000016576       0x4a obj//home/peter/SJSU-Dev/firmware/lib/L1_FreeRTOS/src/queue.o
 .text.prvCopyDataFromQueue
                0x00000000000165c0       0x28 obj//home/peter/SJSU-Dev/firmware/lib/L1_FreeRTOS/src/queue.o
 .text.prvUnlockQueue
                0x00000000000165e8       0x7e obj//home/peter/SJSU-Dev/firmware/lib/L1_FreeRTOS/src/queue.o
 *fill*         0x0000000000016666        0x2 ff
 .text.xQueueGenericReset
                0x0000000000016668       0x6c obj//home/peter/SJSU-Dev/firmware/lib/L1_FreeRTOS/src/queue.o
                0x0000000000016668                xQueueGenericReset
 .text.xQueueGenericCreate
                0x00000000000166d4       0x32 obj//home/peter/SJSU-Dev/firmware/lib/L1_FreeRTOS/src/queue.o
                0x00000000000166d4                xQueueGenericCreate
 .text.xQueueCreateCountingSemaphore
                0x0000000000016706       0x12 obj//home/peter/SJSU-Dev/firmware/lib/L1_FreeRTOS/src/queue.o
                0x0000000000016706                xQueueCreateCountingSemaphore
 .text.xQueueGenericSend
                0x0000000000016718      0x104 obj//home/peter/SJSU-Dev/firmware/lib/L1_FreeRTOS/src/queue.o
                0x0000000000016718                xQueueGenericSend
 .text.xQueueCreateMutex
                0x000000000001681c       0x24 obj//home/peter/SJSU-Dev/firmware/lib/L1_FreeRTOS/src/queue.o
                0x000000000001681c                xQueueCreateMutex
 .text.xQueueGenericSendFromISR
                0x0000000000016840       0x80 obj//home/peter/SJSU-Dev/firmware/lib/L1_FreeRTOS/src/queue.o
                0x0000000000016840                xQueueGenericSendFromISR
 .text.xQueueGiveFromISR
                0x00000000000168c0       0x68 obj//home/peter/SJSU-Dev/firmware/lib/L1_FreeRTOS/src/queue.o
                0x00000000000168c0                xQueueGiveFromISR
 .text.xQueueGenericReceive
                0x0000000000016928      0x134 obj//home/peter/SJSU-Dev/firmware/lib/L1_FreeRTOS/src/queue.o
                0x0000000000016928                xQueueGenericReceive
 .text.xQueueReceiveFromISR
                0x0000000000016a5c       0x68 obj//home/peter/SJSU-Dev/firmware/lib/L1_FreeRTOS/src/queue.o
                0x0000000000016a5c                xQueueReceiveFromISR
 .text.uxQueueMessagesWaiting
                0x0000000000016ac4       0x12 obj//home/peter/SJSU-Dev/firmware/lib/L1_FreeRTOS/src/queue.o
                0x0000000000016ac4                uxQueueMessagesWaiting
 .text.uxQueueMessagesWaitingFromISR
                0x0000000000016ad6        0x4 obj//home/peter/SJSU-Dev/firmware/lib/L1_FreeRTOS/src/queue.o
                0x0000000000016ad6                uxQueueMessagesWaitingFromISR
 .text.xQueueSelectFromSet
                0x0000000000016ada       0x18 obj//home/peter/SJSU-Dev/firmware/lib/L1_FreeRTOS/src/queue.o
                0x0000000000016ada                xQueueSelectFromSet
 *fill*         0x0000000000016af2        0x2 ff
 .text.prvIdleTask
                0x0000000000016af4       0x28 obj//home/peter/SJSU-Dev/firmware/lib/L1_FreeRTOS/src/tasks.o
 .text.prvResetNextTaskUnblockTime
                0x0000000000016b1c       0x24 obj//home/peter/SJSU-Dev/firmware/lib/L1_FreeRTOS/src/tasks.o
 .text.prvAddCurrentTaskToDelayedList
                0x0000000000016b40       0x8c obj//home/peter/SJSU-Dev/firmware/lib/L1_FreeRTOS/src/tasks.o
 .text.xTaskCreate
                0x0000000000016bcc      0x1a4 obj//home/peter/SJSU-Dev/firmware/lib/L1_FreeRTOS/src/tasks.o
                0x0000000000016bcc                xTaskCreate
 .text.vTaskStartScheduler
                0x0000000000016d70       0x64 obj//home/peter/SJSU-Dev/firmware/lib/L1_FreeRTOS/src/tasks.o
                0x0000000000016d70                vTaskStartScheduler
 .text.vTaskEndScheduler
                0x0000000000016dd4       0x20 obj//home/peter/SJSU-Dev/firmware/lib/L1_FreeRTOS/src/tasks.o
                0x0000000000016dd4                vTaskEndScheduler
 .text.vTaskSuspendAll
                0x0000000000016df4       0x10 obj//home/peter/SJSU-Dev/firmware/lib/L1_FreeRTOS/src/tasks.o
                0x0000000000016df4                vTaskSuspendAll
 .text.xTaskGetTickCount
                0x0000000000016e04        0xc obj//home/peter/SJSU-Dev/firmware/lib/L1_FreeRTOS/src/tasks.o
                0x0000000000016e04                xTaskGetTickCount
 .text.xTaskGetTickCountFromISR
                0x0000000000016e10        0xc obj//home/peter/SJSU-Dev/firmware/lib/L1_FreeRTOS/src/tasks.o
                0x0000000000016e10                xTaskGetTickCountFromISR
 .text.xTaskIncrementTick
                0x0000000000016e1c      0x10c obj//home/peter/SJSU-Dev/firmware/lib/L1_FreeRTOS/src/tasks.o
                0x0000000000016e1c                xTaskIncrementTick
 .text.xTaskResumeAll
                0x0000000000016f28       0xd8 obj//home/peter/SJSU-Dev/firmware/lib/L1_FreeRTOS/src/tasks.o
                0x0000000000016f28                xTaskResumeAll
 .text.vTaskDelayUntil
                0x0000000000017000       0x58 obj//home/peter/SJSU-Dev/firmware/lib/L1_FreeRTOS/src/tasks.o
                0x0000000000017000                vTaskDelayUntil
 .text.vTaskDelay
                0x0000000000017058       0x30 obj//home/peter/SJSU-Dev/firmware/lib/L1_FreeRTOS/src/tasks.o
                0x0000000000017058                vTaskDelay
 .text.vTaskSwitchContext
                0x0000000000017088       0xb8 obj//home/peter/SJSU-Dev/firmware/lib/L1_FreeRTOS/src/tasks.o
                0x0000000000017088                vTaskSwitchContext
 .text.vTaskSuspend
                0x0000000000017140       0xb0 obj//home/peter/SJSU-Dev/firmware/lib/L1_FreeRTOS/src/tasks.o
                0x0000000000017140                vTaskSuspend
 .text.vTaskPlaceOnEventList
                0x00000000000171f0       0x20 obj//home/peter/SJSU-Dev/firmware/lib/L1_FreeRTOS/src/tasks.o
                0x00000000000171f0                vTaskPlaceOnEventList
 .text.xTaskRemoveFromEventList
                0x0000000000017210       0x70 obj//home/peter/SJSU-Dev/firmware/lib/L1_FreeRTOS/src/tasks.o
                0x0000000000017210                xTaskRemoveFromEventList
 .text.vTaskSetTimeOutState
                0x0000000000017280       0x18 obj//home/peter/SJSU-Dev/firmware/lib/L1_FreeRTOS/src/tasks.o
                0x0000000000017280                vTaskSetTimeOutState
 .text.xTaskCheckForTimeOut
                0x0000000000017298       0x4c obj//home/peter/SJSU-Dev/firmware/lib/L1_FreeRTOS/src/tasks.o
                0x0000000000017298                xTaskCheckForTimeOut
 .text.vTaskMissedYield
                0x00000000000172e4        0xc obj//home/peter/SJSU-Dev/firmware/lib/L1_FreeRTOS/src/tasks.o
                0x00000000000172e4                vTaskMissedYield
 .text.uxTaskGetStackHighWaterMark
                0x00000000000172f0       0x20 obj//home/peter/SJSU-Dev/firmware/lib/L1_FreeRTOS/src/tasks.o
                0x00000000000172f0                uxTaskGetStackHighWaterMark
 .text.xTaskGetSchedulerState
                0x0000000000017310       0x20 obj//home/peter/SJSU-Dev/firmware/lib/L1_FreeRTOS/src/tasks.o
                0x0000000000017310                xTaskGetSchedulerState
 .text.vTaskPriorityInherit
                0x0000000000017330       0x90 obj//home/peter/SJSU-Dev/firmware/lib/L1_FreeRTOS/src/tasks.o
                0x0000000000017330                vTaskPriorityInherit
 .text.xTaskPriorityDisinherit
                0x00000000000173c0       0x70 obj//home/peter/SJSU-Dev/firmware/lib/L1_FreeRTOS/src/tasks.o
                0x00000000000173c0                xTaskPriorityDisinherit
 .text.pvTaskIncrementMutexHeldCount
                0x0000000000017430       0x18 obj//home/peter/SJSU-Dev/firmware/lib/L1_FreeRTOS/src/tasks.o
                0x0000000000017430                pvTaskIncrementMutexHeldCount
 .text.vRunTimeStatIsrEntry
                0x0000000000017448       0x28 obj//home/peter/SJSU-Dev/firmware/lib/L1_FreeRTOS/src/tasks.o
                0x0000000000017448                vRunTimeStatIsrEntry
 .text.vRunTimeStatIsrExit
                0x0000000000017470       0x10 obj//home/peter/SJSU-Dev/firmware/lib/L1_FreeRTOS/src/tasks.o
                0x0000000000017470                vRunTimeStatIsrExit
 .text.prvTaskExitError
                0x0000000000017480       0x12 obj//home/peter/SJSU-Dev/firmware/lib/L1_FreeRTOS/portable/no_mpu/port.o
 *fill*         0x0000000000017492        0x2 ff
 .text.prvPortStartFirstTask
                0x0000000000017494       0x20 obj//home/peter/SJSU-Dev/firmware/lib/L1_FreeRTOS/portable/no_mpu/port.o
 .text.pxPortInitialiseStack
                0x00000000000174b4       0x24 obj//home/peter/SJSU-Dev/firmware/lib/L1_FreeRTOS/portable/no_mpu/port.o
                0x00000000000174b4                pxPortInitialiseStack
 *fill*         0x00000000000174d8        0x8 ff
 .text.vPortSVCHandler
                0x00000000000174e0       0x24 obj//home/peter/SJSU-Dev/firmware/lib/L1_FreeRTOS/portable/no_mpu/port.o
                0x00000000000174e0                vPortSVCHandler
 .text.vPortEndScheduler
                0x0000000000017504        0x2 obj//home/peter/SJSU-Dev/firmware/lib/L1_FreeRTOS/portable/no_mpu/port.o
                0x0000000000017504                vPortEndScheduler
 *fill*         0x0000000000017506        0x2 ff
 .text.vPortEnterCritical
                0x0000000000017508       0x20 obj//home/peter/SJSU-Dev/firmware/lib/L1_FreeRTOS/portable/no_mpu/port.o
                0x0000000000017508                vPortEnterCritical
 .text.vPortExitCritical
                0x0000000000017528       0x14 obj//home/peter/SJSU-Dev/firmware/lib/L1_FreeRTOS/portable/no_mpu/port.o
                0x0000000000017528                vPortExitCritical
 *fill*         0x000000000001753c        0x4 ff
 .text.xPortPendSVHandler
                0x0000000000017540       0x44 obj//home/peter/SJSU-Dev/firmware/lib/L1_FreeRTOS/portable/no_mpu/port.o
                0x0000000000017540                xPortPendSVHandler
 .text.xPortSysTickHandler
                0x0000000000017584       0x2c obj//home/peter/SJSU-Dev/firmware/lib/L1_FreeRTOS/portable/no_mpu/port.o
                0x0000000000017584                xPortSysTickHandler
 .text.vPortSetupTimerInterrupt
                0x00000000000175b0       0x14 obj//home/peter/SJSU-Dev/firmware/lib/L1_FreeRTOS/portable/no_mpu/port.o
                0x00000000000175b0                vPortSetupTimerInterrupt
 .text.xPortStartScheduler
                0x00000000000175c4       0x30 obj//home/peter/SJSU-Dev/firmware/lib/L1_FreeRTOS/portable/no_mpu/port.o
                0x00000000000175c4                xPortStartScheduler
 .text.rts_not_full_trace_init
                0x00000000000175f4       0x14 obj//home/peter/SJSU-Dev/firmware/lib/L1_FreeRTOS/portable/run_time_stats.o
                0x00000000000175f4                rts_not_full_trace_init
 .text.rts_not_full_trace_get
                0x0000000000017608       0x14 obj//home/peter/SJSU-Dev/firmware/lib/L1_FreeRTOS/portable/run_time_stats.o
                0x0000000000017608                rts_not_full_trace_get
 .text.vApplicationIdleHook
                0x000000000001761c        0x4 obj//home/peter/SJSU-Dev/firmware/lib/L1_FreeRTOS/hooks/hooks.o
                0x000000000001761c                vApplicationIdleHook
 .text.vApplicationStackOverflowHook
                0x0000000000017620       0x38 obj//home/peter/SJSU-Dev/firmware/lib/L1_FreeRTOS/hooks/hooks.o
                0x0000000000017620                vApplicationStackOverflowHook
 .text.vApplicationMallocFailedHook
                0x0000000000017658       0x24 obj//home/peter/SJSU-Dev/firmware/lib/L1_FreeRTOS/hooks/hooks.o
                0x0000000000017658                vApplicationMallocFailedHook
 .text._ZN17SingletonTemplateI4I2C2E11getInstanceEv
                0x000000000001767c       0x20 obj//home/peter/SJSU-Dev/firmware/lib/L5_HighLevel/examples/examples.o
                0x000000000001767c                SingletonTemplate<I2C2>::getInstance()
 .text._ZN17SingletonTemplateI17TemperatureSensorE11getInstanceEv
                0x000000000001769c       0x28 obj//home/peter/SJSU-Dev/firmware/lib/L5_HighLevel/examples/examples.o
                0x000000000001769c                SingletonTemplate<TemperatureSensor>::getInstance()
 .text._ZN17SingletonTemplateI11LED_DisplayE11getInstanceEv
                0x00000000000176c4       0x24 obj//home/peter/SJSU-Dev/firmware/lib/L5_HighLevel/examples/examples.o
                0x00000000000176c4                SingletonTemplate<LED_Display>::getInstance()
 .text._ZN17SingletonTemplateI12Light_SensorE11getInstanceEv
                0x00000000000176e8       0x18 obj//home/peter/SJSU-Dev/firmware/lib/L5_HighLevel/examples/examples.o
                0x00000000000176e8                SingletonTemplate<Light_Sensor>::getInstance()
 .text._ZN17SingletonTemplateI3LEDE11getInstanceEv
                0x0000000000017700       0x1c obj//home/peter/SJSU-Dev/firmware/lib/L5_HighLevel/examples/examples.o
                0x0000000000017700                SingletonTemplate<LED>::getInstance()
 .text._ZL13hl_print_linev
                0x000000000001771c        0xc obj//home/peter/SJSU-Dev/firmware/lib/L5_HighLevel/source/high_level_init.o
 .text.ssp_set_max_clock
                0x0000000000017728       0x2c obj//home/peter/SJSU-Dev/firmware/lib/L5_HighLevel/source/high_level_init.o
 .text._ZL16hl_mount_storageR16FileSystemObjectPKc
                0x0000000000017754       0x90 obj//home/peter/SJSU-Dev/firmware/lib/L5_HighLevel/source/high_level_init.o
 .text._ZN7Storage13getFlashDriveEv
                0x00000000000177e4       0x4c obj//home/peter/SJSU-Dev/firmware/lib/L5_HighLevel/source/high_level_init.o
                0x00000000000177e4                Storage::getFlashDrive()
 .text._ZN17SingletonTemplateI8SwitchesE11getInstanceEv
                0x0000000000017830       0x18 obj//home/peter/SJSU-Dev/firmware/lib/L5_HighLevel/source/high_level_init.o
                0x0000000000017830                SingletonTemplate<Switches>::getInstance()
 .text._Z15high_level_initv
                0x0000000000017848      0x560 obj//home/peter/SJSU-Dev/firmware/lib/L5_HighLevel/source/high_level_init.o
                0x0000000000017848                high_level_init()
 .text._gettimeofday
                0x0000000000017da8       0x7a obj//home/peter/SJSU-Dev/firmware/lib/newlib/newlib_time.o
                0x0000000000017da8                _gettimeofday
 .text.__malloc_lock
                0x0000000000017e22        0x4 obj//home/peter/SJSU-Dev/firmware/lib/newlib/malloc_lock.o
                0x0000000000017e22                __malloc_lock
 .text.__malloc_unlock
                0x0000000000017e26        0x4 obj//home/peter/SJSU-Dev/firmware/lib/newlib/malloc_lock.o
                0x0000000000017e26                __malloc_unlock
 .text.remap_fatfs_errors
                0x0000000000017e2a       0x56 obj//home/peter/SJSU-Dev/firmware/lib/newlib/newlib_syscalls.o
 .text.findslot
                0x0000000000017e80       0x4c obj//home/peter/SJSU-Dev/firmware/lib/newlib/newlib_syscalls.o
 .text.remap_handle
                0x0000000000017ecc       0x28 obj//home/peter/SJSU-Dev/firmware/lib/newlib/newlib_syscalls.o
 .text.sys_set_outchar_func
                0x0000000000017ef4        0xc obj//home/peter/SJSU-Dev/firmware/lib/newlib/newlib_syscalls.o
                0x0000000000017ef4                sys_set_outchar_func
 .text.sys_set_inchar_func
                0x0000000000017f00        0xc obj//home/peter/SJSU-Dev/firmware/lib/newlib/newlib_syscalls.o
                0x0000000000017f00                sys_set_inchar_func
 .text._kill    0x0000000000017f0c       0x10 obj//home/peter/SJSU-Dev/firmware/lib/newlib/newlib_syscalls.o
                0x0000000000017f0c                _kill
 .text._exit    0x0000000000017f1c       0x10 obj//home/peter/SJSU-Dev/firmware/lib/newlib/newlib_syscalls.o
                0x0000000000017f1c                _exit
 .text._getpid  0x0000000000017f2c        0x4 obj//home/peter/SJSU-Dev/firmware/lib/newlib/newlib_syscalls.o
                0x0000000000017f2c                _getpid
 .text._init    0x0000000000017f30        0x4 obj//home/peter/SJSU-Dev/firmware/lib/newlib/newlib_syscalls.o
                0x0000000000017f30                _init
 .text.syscalls_init
                0x0000000000017f34       0x34 obj//home/peter/SJSU-Dev/firmware/lib/newlib/newlib_syscalls.o
                0x0000000000017f34                syscalls_init
 .text._read    0x0000000000017f68       0x9c obj//home/peter/SJSU-Dev/firmware/lib/newlib/newlib_syscalls.o
                0x0000000000017f68                _read
 .text._lseek   0x0000000000018004       0x60 obj//home/peter/SJSU-Dev/firmware/lib/newlib/newlib_syscalls.o
                0x0000000000018004                _lseek
 .text._write   0x0000000000018064       0xa4 obj//home/peter/SJSU-Dev/firmware/lib/newlib/newlib_syscalls.o
                0x0000000000018064                _write
 .text._open    0x0000000000018108      0x14c obj//home/peter/SJSU-Dev/firmware/lib/newlib/newlib_syscalls.o
                0x0000000000018108                _open
 .text._close   0x0000000000018254       0x54 obj//home/peter/SJSU-Dev/firmware/lib/newlib/newlib_syscalls.o
                0x0000000000018254                _close
 .text._fstat   0x00000000000182a8       0x10 obj//home/peter/SJSU-Dev/firmware/lib/newlib/newlib_syscalls.o
                0x00000000000182a8                _fstat
 .text._isatty  0x00000000000182b8       0x24 obj//home/peter/SJSU-Dev/firmware/lib/newlib/newlib_syscalls.o
                0x00000000000182b8                _isatty
 .text._sbrk    0x00000000000182dc       0x6c obj//home/peter/SJSU-Dev/firmware/lib/newlib/memory.o
                0x00000000000182dc                _sbrk
 .text._Znwj    0x0000000000018348        0x4 obj//home/peter/SJSU-Dev/firmware/lib/newlib/memory.o
                0x0000000000018348                operator new(unsigned int)
 .text._ZdlPv   0x000000000001834c        0x4 obj//home/peter/SJSU-Dev/firmware/lib/newlib/memory.o
                0x000000000001834c                operator delete(void*)
 .text.sys_get_mem_info
                0x0000000000018350       0xb4 obj//home/peter/SJSU-Dev/firmware/lib/newlib/memory.o
                0x0000000000018350                sys_get_mem_info
 .text.__aeabi_atexit
                0x0000000000018404        0x4 obj//home/peter/SJSU-Dev/firmware/lib/newlib/memory.o
                0x0000000000018404                __aeabi_atexit
 .text._ZN9read_fileD2Ev
                0x0000000000018408        0x2 obj/L5_Application/main.o
                0x0000000000018408                read_file::~read_file()
                0x0000000000018408                read_file::~read_file()
 .text._ZN8play_mp3D2Ev
                0x000000000001840a        0x2 obj/L5_Application/main.o
                0x000000000001840a                play_mp3::~play_mp3()
                0x000000000001840a                play_mp3::~play_mp3()
 .text._Z15c_eint3_handlerv
                0x000000000001840c        0xc obj/L5_Application/main.o
                0x000000000001840c                c_eint3_handler()
 .text._Z4testv
                0x0000000000018418       0x18 obj/L5_Application/main.o
                0x0000000000018418                test()
 .text._Z8next_isrv
                0x0000000000018430       0x2c obj/L5_Application/main.o
                0x0000000000018430                next_isr()
 .text._Z8prev_isrv
                0x000000000001845c       0x2c obj/L5_Application/main.o
                0x000000000001845c                prev_isr()
 .text._ZN8play_mp3D0Ev
                0x0000000000018488        0xe obj/L5_Application/main.o
                0x0000000000018488                play_mp3::~play_mp3()
 .text._ZN9read_fileD0Ev
                0x0000000000018496       0x10 obj/L5_Application/main.o
                0x0000000000018496                read_file::~read_file()
 *fill*         0x00000000000184a6        0x2 ff
 .text.ssp0_exchange_byte
                0x00000000000184a8       0x14 obj/L5_Application/main.o
 .text._ZN8play_mp33runEPv
                0x00000000000184bc       0x5c obj/L5_Application/main.o
                0x00000000000184bc                play_mp3::run(void*)
 .text._Z19populate_tracks_dirv
                0x0000000000018518       0x70 obj/L5_Application/main.o
                0x0000000000018518                populate_tracks_dir()
 .text._Z18write_mp3_registerhhh
                0x0000000000018588       0x38 obj/L5_Application/main.o
                0x0000000000018588                write_mp3_register(unsigned char, unsigned char, unsigned char)
 .text._ZN8play_mp34initEv
                0x00000000000185c0       0x70 obj/L5_Application/main.o
                0x00000000000185c0                play_mp3::init()
 .text._ZN9read_file9open_songEv
                0x0000000000018630       0x34 obj/L5_Application/main.o
                0x0000000000018630                read_file::open_song()
 .text._ZN9read_file3runEPv
                0x0000000000018664       0xc8 obj/L5_Application/main.o
                0x0000000000018664                read_file::run(void*)
 .text._ZN9read_file4initEv
                0x000000000001872c        0xa obj/L5_Application/main.o
                0x000000000001872c                read_file::init()
 *fill*         0x0000000000018736        0x2 ff
 .text._Z8mp3_initv
                0x0000000000018738       0xf0 obj/L5_Application/main.o
                0x0000000000018738                mp3_init()
 .text.startup.main
                0x0000000000018828       0x74 obj/L5_Application/main.o
                0x0000000000018828                main
 .text.startup._GLOBAL__sub_I_mp3_dcs
                0x000000000001889c      0x160 obj/L5_Application/main.o
 .text._ZN17LabGPIOInterruptsC2Ev
                0x00000000000189fc       0x10 obj/L5_Application/LabGPIOInterrupts.o
                0x00000000000189fc                LabGPIOInterrupts::LabGPIOInterrupts()
                0x00000000000189fc                LabGPIOInterrupts::LabGPIOInterrupts()
 .text._ZN17LabGPIOInterrupts4initEv
                0x0000000000018a0c       0x10 obj/L5_Application/LabGPIOInterrupts.o
                0x0000000000018a0c                LabGPIOInterrupts::init()
 .text._Z10handle_isrP10isr_vectorm
                0x0000000000018a1c       0x2c obj/L5_Application/LabGPIOInterrupts.o
                0x0000000000018a1c                handle_isr(isr_vector*, unsigned long)
 .text._ZN17LabGPIOInterrupts16handle_interruptEv
                0x0000000000018a48       0x78 obj/L5_Application/LabGPIOInterrupts.o
                0x0000000000018a48                LabGPIOInterrupts::handle_interrupt()
 .text._ZN17LabGPIOInterruptsD2Ev
                0x0000000000018ac0       0x12 obj/L5_Application/LabGPIOInterrupts.o
                0x0000000000018ac0                LabGPIOInterrupts::~LabGPIOInterrupts()
                0x0000000000018ac0                LabGPIOInterrupts::~LabGPIOInterrupts()
 .text._ZNSt6vectorIP10isr_vectorSaIS1_EE19_M_emplace_back_auxIJS1_EEEvDpOT_
                0x0000000000018ad2       0x74 obj/L5_Application/LabGPIOInterrupts.o
                0x0000000000018ad2                void std::vector<isr_vector*, std::allocator<isr_vector*> >::_M_emplace_back_aux<isr_vector*>(isr_vector*&&)
 *fill*         0x0000000000018b46        0x2 ff
 .text._ZN17LabGPIOInterrupts22attachInterruptHandlerEhmPFvvE20InterruptCondition_E
                0x0000000000018b48       0xa8 obj/L5_Application/LabGPIOInterrupts.o
                0x0000000000018b48                LabGPIOInterrupts::attachInterruptHandler(unsigned char, unsigned long, void (*)(), InterruptCondition_E)
 .text._ZNK10__cxxabiv117__class_type_info11__do_upcastEPKS0_PPv
                0x0000000000018bf0       0x34 /home/peter/SJSU-Dev/tools/gcc-arm-none-eabi-6-2017-q2-update/bin/../lib/gcc/arm-none-eabi/6.3.1/../../../../arm-none-eabi/lib/thumb/v7-m/libstdc++_nano.a(class_type_info.o)
                0x0000000000018bf0                __cxxabiv1::__class_type_info::__do_upcast(__cxxabiv1::__class_type_info const*, void**) const
 .text._ZNK10__cxxabiv117__class_type_info20__do_find_public_srcEiPKvPKS0_S2_
                0x0000000000018c24        0xc /home/peter/SJSU-Dev/tools/gcc-arm-none-eabi-6-2017-q2-update/bin/../lib/gcc/arm-none-eabi/6.3.1/../../../../arm-none-eabi/lib/thumb/v7-m/libstdc++_nano.a(class_type_info.o)
                0x0000000000018c24                __cxxabiv1::__class_type_info::__do_find_public_src(int, void const*, __cxxabiv1::__class_type_info const*, void const*) const
 .text._ZN10__cxxabiv117__class_type_infoD2Ev
                0x0000000000018c30       0x14 /home/peter/SJSU-Dev/tools/gcc-arm-none-eabi-6-2017-q2-update/bin/../lib/gcc/arm-none-eabi/6.3.1/../../../../arm-none-eabi/lib/thumb/v7-m/libstdc++_nano.a(class_type_info.o)
                0x0000000000018c30                __cxxabiv1::__class_type_info::~__class_type_info()
                0x0000000000018c30                __cxxabiv1::__class_type_info::~__class_type_info()
 .text._ZN10__cxxabiv117__class_type_infoD0Ev
                0x0000000000018c44       0x14 /home/peter/SJSU-Dev/tools/gcc-arm-none-eabi-6-2017-q2-update/bin/../lib/gcc/arm-none-eabi/6.3.1/../../../../arm-none-eabi/lib/thumb/v7-m/libstdc++_nano.a(class_type_info.o)
                0x0000000000018c44                __cxxabiv1::__class_type_info::~__class_type_info()
 .text._ZNK10__cxxabiv117__class_type_info11__do_upcastEPKS0_PKvRNS0_15__upcast_resultE
                0x0000000000018c58       0x18 /home/peter/SJSU-Dev/tools/gcc-arm-none-eabi-6-2017-q2-update/bin/../lib/gcc/arm-none-eabi/6.3.1/../../../../arm-none-eabi/lib/thumb/v7-m/libstdc++_nano.a(class_type_info.o)
                0x0000000000018c58                __cxxabiv1::__class_type_info::__do_upcast(__cxxabiv1::__class_type_info const*, void const*, __cxxabiv1::__class_type_info::__upcast_result&) const
 .text._ZNK10__cxxabiv117__class_type_info10__do_catchEPKSt9type_infoPPvj
                0x0000000000018c70       0x2a /home/peter/SJSU-Dev/tools/gcc-arm-none-eabi-6-2017-q2-update/bin/../lib/gcc/arm-none-eabi/6.3.1/../../../../arm-none-eabi/lib/thumb/v7-m/libstdc++_nano.a(class_type_info.o)
                0x0000000000018c70                __cxxabiv1::__class_type_info::__do_catch(std::type_info const*, void**, unsigned int) const